<html>
<body>
<pre>
<h1>礦ision Build Log</h1>
<h2>Tool Versions:</h2>
IDE-Version: μVision V5.21.1.0
Copyright (C) 2016 ARM Ltd and ARM Germany GmbH. All rights reserved.
License Information: JIE Admin, JIE, LIC=FYKYW-QU1SD-45GT5-G7KVQ-IYFS3-6VVMA
 
Tool Versions:
Toolchain:       MDK-ARM Plus  Version: 5.21a
Toolchain Path:  F:\soft\keil5\ARM\ARMCC\Bin
C Compiler:      Armcc.exe V5.06 update 3 (build 300)
Assembler:       Armasm.exe V5.06 update 3 (build 300)
Linker/Locator:  ArmLink.exe V5.06 update 3 (build 300)
Library Manager: ArmAr.exe V5.06 update 3 (build 300)
Hex Converter:   FromElf.exe V5.06 update 3 (build 300)
CPU DLL:         SARMCM3.DLL V5.21a
Dialog DLL:      DARMSTM.DLL V1.66.0.1
Target DLL:      STLink\ST-LINKIII-KEIL_SWO.dll V2.0.18.0
Dialog DLL:      TARMSTM.DLL V1.65.0.0
 
<h2>Project:</h2>
E:\数据上传\4\USER\TSENSOR.uvprojx
Project File Date:  09/15/2020

<h2>Output:</h2>
*** Using Compiler 'V5.06 update 3 (build 300)', folder: 'F:\soft\keil5\ARM\ARMCC\Bin'
Rebuild target 'TSENSOR'
compiling smg.c...
compiling key.c...
compiling stm32f10x_it.c...
compiling system_stm32f10x.c...
compiling led.c...
compiling main.c...
..\HARDWARE\GPS\gps.h(165): warning:  #1-D: last line of file ends without a newline
  #endif
main.c(149): warning:  #177-D: variable "lenx" was declared but never referenced
  	u16 lenx;
main.c(152): warning:  #177-D: variable "ic" was declared but never referenced
  	u16 adcx,ic;
main.c(154): warning:  #177-D: variable "temp5" was declared but never referenced
  	u16 temp5;
main.c: 4 warnings, 0 errors
compiling lcd.c...
..\HARDWARE\LCD\lcd.c(720): warning:  #223-D: function "printf" declared implicitly
   	printf(" LCD ID:%x\r\n",lcddev.id); //??印LCD ID   
..\HARDWARE\LCD\lcd.c: 1 warning, 0 errors
compiling ULN2003.c...
compiling nvic.c...
..\HARDWARE\NVIC\nvic.h(27): warning:  #1-D: last line of file ends without a newline
  #endif
..\HARDWARE\NVIC\nvic.c: 1 warning, 0 errors
compiling max31865.c...
compiling timer.c...
compiling gps.c...
..\HARDWARE\GPS\gps.h(165): warning:  #1-D: last line of file ends without a newline
  #endif
..\HARDWARE\GPS\gps.c: 1 warning, 0 errors
compiling iic.c...
compiling adc.c...
compiling utils_hmac.c...
compiling utils_md5.c...
compiling utils_sha1.c...
compiling wifi.c...
compiling mqtt.c...
compiling 24c02.c...
compiling timer1.c...
compiling timer2.c...
compiling timer3.c...
compiling timer4.c...
compiling core_cm3.c...
compiling uart4.c...
assembling startup_stm32f10x_hd.s...
compiling dht11.c...
compiling delay.c...
compiling sys.c...
compiling usart.c...
compiling misc.c...
compiling stm32f10x_gpio.c...
compiling stm32f10x_usart.c...
compiling stm32f10x_adc.c...
compiling stm32f10x_fsmc.c...
compiling stm32f10x_rcc.c...
compiling stm32f10x_tim.c...
linking...
Program Size: Code=66970 RO-data=7430 RW-data=268 ZI-data=19300  
FromELF: creating hex file...
"..\OBJ\TSENSOR.axf" - 0 Error(s), 7 Warning(s).

<h2>Collection of Component include folders:</h2>
  E:\数据上传\4\USER\RTE
  F:\soft\keil5\ARM\PACK\Keil\STM32F1xx_DFP\2.1.0\Device\Include

<h2>Collection of Component Files used:</h2>
Build Time Elapsed:  00:00:05
</pre>
</body>
</html>
