Component: ARM Compiler 5.06 update 3 (build 300) Tool: armlink [4d35c9]

==============================================================================

Section Cross References

    main.o(.text) refers to _printf_pad.o(.text) for _printf_pre_padding
    main.o(.text) refers to _printf_percent.o(.ARM.Collect$$_printf_percent$$00000000) for _printf_percent
    main.o(.text) refers to _printf_f.o(.ARM.Collect$$_printf_percent$$00000003) for _printf_f
    main.o(.text) refers to _printf_c.o(.ARM.Collect$$_printf_percent$$00000013) for _printf_c
    main.o(.text) refers to printf1.o(x$fpl$printf1) for _printf_fp_dec
    main.o(.text) refers to _printf_str.o(.text) for _printf_str
    main.o(.text) refers to _printf_s.o(.ARM.Collect$$_printf_percent$$00000014) for _printf_s
    main.o(.text) refers to _printf_d.o(.ARM.Collect$$_printf_percent$$00000009) for _printf_d
    main.o(.text) refers to _printf_dec.o(.text) for _printf_int_dec
    main.o(.text) refers to _printf_x.o(.ARM.Collect$$_printf_percent$$0000000C) for _printf_x
    main.o(.text) refers to _printf_hex_int_ll_ptr.o(.text) for _printf_longlong_hex
    main.o(.text) refers to misc.o(.text) for NVIC_PriorityGroupConfig
    main.o(.text) refers to usart.o(.text) for USART_Send_bytes
    main.o(.text) refers to delay.o(.text) for delay_ms
    main.o(.text) refers to fflt_clz.o(x$fpl$ffltu) for __aeabi_ui2f
    main.o(.text) refers to fdiv.o(x$fpl$fdiv) for __aeabi_fdiv
    main.o(.text) refers to f2d.o(x$fpl$f2d) for __aeabi_f2d
    main.o(.text) refers to __2sprintf.o(.text) for __2sprintf
    main.o(.text) refers to lcd.o(.text) for LCD_ShowString
    main.o(.text) refers to fflt_clz.o(x$fpl$fflt) for __aeabi_i2f
    main.o(.text) refers to __2printf.o(.text) for __2printf
    main.o(.text) refers to strlen.o(.text) for strlen
    main.o(.text) refers to mqtt.o(.text) for MQTT_PublishQs0
    main.o(.text) refers to rt_memclr_w.o(.text) for __aeabi_memclr4
    main.o(.text) refers to uart4.o(.text) for Uart4_Init
    main.o(.text) refers to timer4.o(.text) for TIM4_Init
    main.o(.text) refers to led.o(.text) for LED_Init
    main.o(.text) refers to key.o(.text) for KEY_Init
    main.o(.text) refers to iic.o(.text) for IIC_Init
    main.o(.text) refers to adc.o(.text) for Adc_Init
    main.o(.text) refers to stm32f10x_gpio.o(.text) for GPIO_SetBits
    main.o(.text) refers to max31865.o(.text) for MAX31865_Init
    main.o(.text) refers to gps.o(.text) for SkyTra_Cfg_Rate
    main.o(.text) refers to lcd.o(.data) for POINT_COLOR
    main.o(.text) refers to main.o(.bss) for gpsx
    main.o(.text) refers to main.o(.data) for longtitude
    main.o(.text) refers to main.o(.conststring) for .conststring
    main.o(.text) refers to wifi.o(.text) for WiFi_ResetIO_Init
    main.o(.text) refers to timer3.o(.text) for TIM3_ENABLE_30S
    main.o(.text) refers to timer2.o(.text) for TIM2_ENABLE_30S
    main.o(.text) refers to stm32f10x_tim.o(.text) for TIM_Cmd
    main.o(.text) refers to rt_memclr.o(.text) for __aeabi_memclr
    main.o(.text) refers to fmul.o(x$fpl$fmul) for __aeabi_fmul
    main.o(.text) refers to dfix.o(x$fpl$dfix) for __aeabi_d2iz
    main.o(.text) refers to mqtt.o(.data) for Connect_flag
    main.o(.text) refers to mqtt.o(.bss) for MQTT_TxDataBuf
    main.o(.text) refers to uart4.o(.data) for Uart4_RxCounter
    main.o(.text) refers to uart4.o(.bss) for Uart4_RxBuff
    main.o(.text) refers to usart.o(.data) for stata
    main.o(.text) refers to usart.o(.bss) for USART3_RX_BUF
    main.o(.text) refers to dmul.o(x$fpl$dmul) for __aeabi_dmul
    main.o(.text) refers to d2f.o(x$fpl$d2f) for __aeabi_d2f
    main.o(.text) refers to ffixu.o(x$fpl$ffixu) for __aeabi_f2uiz
    main.o(.text) refers to faddsub_clz.o(x$fpl$frsb) for __aeabi_frsub
    main.o(.data) refers to main.o(.conststring) for .conststring
    stm32f10x_it.o(.text) refers to stm32f10x_usart.o(.text) for USART_GetITStatus
    stm32f10x_it.o(.text) refers to stm32f10x_tim.o(.text) for TIM_Cmd
    stm32f10x_it.o(.text) refers to rt_memcpy_v6.o(.text) for __aeabi_memcpy
    stm32f10x_it.o(.text) refers to mqtt.o(.text) for MQTT_PingREQ
    stm32f10x_it.o(.text) refers to timer3.o(.text) for TIM3_ENABLE_2S
    stm32f10x_it.o(.text) refers to main.o(.text) for TempHumi_State
    stm32f10x_it.o(.text) refers to mqtt.o(.data) for Connect_flag
    stm32f10x_it.o(.text) refers to uart4.o(.bss) for Uart4_RxBuff
    stm32f10x_it.o(.text) refers to uart4.o(.data) for Uart4_RxCounter
    stm32f10x_it.o(.text) refers to mqtt.o(.bss) for MQTT_RxDataBuf
    system_stm32f10x.o(.text) refers to system_stm32f10x.o(.data) for SystemCoreClock
    led.o(.text) refers to stm32f10x_rcc.o(.text) for RCC_APB2PeriphClockCmd
    led.o(.text) refers to stm32f10x_gpio.o(.text) for GPIO_Init
    key.o(.text) refers to stm32f10x_rcc.o(.text) for RCC_APB2PeriphClockCmd
    key.o(.text) refers to stm32f10x_gpio.o(.text) for GPIO_Init
    key.o(.text) refers to delay.o(.text) for delay_ms
[...]
    LCD_Draw_Circle                          0x08005f8d   Thumb Code   152  lcd.o(.text)
    LCD_ShowChar                             0x08006025   Thumb Code   272  lcd.o(.text)
    LCD_Pow                                  0x08006135   Thumb Code    22  lcd.o(.text)
    LCD_ShowNum                              0x0800614b   Thumb Code   148  lcd.o(.text)
    LCD_ShowxNum                             0x080061df   Thumb Code   220  lcd.o(.text)
    LCD_ShowString                           0x080062bb   Thumb Code   102  lcd.o(.text)
    MAX31865_Init                            0x08006321   Thumb Code    80  max31865.o(.text)
    MAX31865_Write                           0x08006371   Thumb Code   162  max31865.o(.text)
    MAX31865_Read                            0x08006413   Thumb Code   154  max31865.o(.text)
    MAX31865_Cfg                             0x080064ad   Thumb Code    12  max31865.o(.text)
    MAX31865_GetTemp                         0x080064b9   Thumb Code   536  max31865.o(.text)
    USART2_IRQHandler                        0x08006715   Thumb Code   130  nvic.o(.text)
    NMEA_Comma_Pos                           0x080067ad   Thumb Code    50  gps.o(.text)
    NMEA_Pow                                 0x080067df   Thumb Code    22  gps.o(.text)
    NMEA_Str2num                             0x080067f5   Thumb Code   234  gps.o(.text)
    NMEA_GPGSV_Analysis                      0x080068df   Thumb Code   290  gps.o(.text)
    NMEA_BDGSV_Analysis                      0x08006a01   Thumb Code   298  gps.o(.text)
    NMEA_GNGGA_Analysis                      0x08006b2b   Thumb Code    96  gps.o(.text)
    NMEA_GNGSA_Analysis                      0x08006b8b   Thumb Code   176  gps.o(.text)
    NMEA_GNRMC_Analysis                      0x08006c3b   Thumb Code   580  gps.o(.text)
    NMEA_GNVTG_Analysis                      0x08006e7f   Thumb Code    78  gps.o(.text)
    GPS_Analysis                             0x08006ecd   Thumb Code    56  gps.o(.text)
    SkyTra_Cfg_Ack_Check                     0x08006f05   Thumb Code   100  gps.o(.text)
    SkyTra_Send_Date                         0x08006f69   Thumb Code    40  gps.o(.text)
    SkyTra_Cfg_Prt                           0x08006f91   Thumb Code    86  gps.o(.text)
    SkyTra_Cfg_Tp                            0x08006fe7   Thumb Code   126  gps.o(.text)
    SkyTra_Cfg_Rate                          0x08007065   Thumb Code    60  gps.o(.text)
    TIM7_IRQHandler                          0x080070c1   Thumb Code    42  timer.o(.text)
    TIM7_Int_Init                            0x080070eb   Thumb Code    90  timer.o(.text)
    Adc_Init                                 0x0800714d   Thumb Code   158  adc.o(.text)
    Get_Adc                                  0x080071eb   Thumb Code    46  adc.o(.text)
    Get_Adc_Average                          0x08007219   Thumb Code    46  adc.o(.text)
    IIC_Init                                 0x08007251   Thumb Code    54  iic.o(.text)
    IIC_Start                                0x08007287   Thumb Code    56  iic.o(.text)
    IIC_Stop                                 0x080072bf   Thumb Code    56  iic.o(.text)
    IIC_Wait_Ack                             0x080072f7   Thumb Code   104  iic.o(.text)
    IIC_Send_Byte                            0x0800735f   Thumb Code    90  iic.o(.text)
    IIC_Read_Byte                            0x080073b9   Thumb Code   234  iic.o(.text)
    WiFi_ResetIO_Init                        0x080074a9   Thumb Code    50  wifi.o(.text)
    WiFi_SendCmd                             0x080074db   Thumb Code    86  wifi.o(.text)
    WiFi_Reset                               0x08007531   Thumb Code    90  wifi.o(.text)
    WiFi_JoinAP                              0x0800758b   Thumb Code    88  wifi.o(.text)
    WiFi_Connect_Server                      0x080075e3   Thumb Code   190  wifi.o(.text)
    WiFi_Smartconfig                         0x080076a1   Thumb Code    78  wifi.o(.text)
    WiFi_WaitAP                              0x080076ef   Thumb Code    62  wifi.o(.text)
    WiFi_Connect_IoTServer                   0x0800772d   Thumb Code  1428  wifi.o(.text)
    MQTT_Buff_Init                           0x08007d39   Thumb Code    80  mqtt.o(.text)
    TxDataBuf_Deal                           0x08007d89   Thumb Code    86  mqtt.o(.text)
    MQTT_Subscribe                           0x08007ddf   Thumb Code   134  mqtt.o(.text)
    MQTT_ConectPack                          0x08007e65   Thumb Code   496  mqtt.o(.text)
    MQTT_Buff_ReInit                         0x08008055   Thumb Code   172  mqtt.o(.text)
    AliIoT_Parameter_Init                    0x08008101   Thumb Code   388  mqtt.o(.text)
    MQTT_PingREQ                             0x08008285   Thumb Code    22  mqtt.o(.text)
    MQTT_PublishQs0                          0x0800829b   Thumb Code   220  mqtt.o(.text)
    CMDBuf_Deal                              0x08008377   Thumb Code    96  mqtt.o(.text)
    MQTT_DealPushdata_Qs0                    0x080083d7   Thumb Code   238  mqtt.o(.text)
    utils_hmac_md5                           0x0800860d   Thumb Code   232  utils_hmac.o(.text)
    utils_hmac_sha1                          0x080086f5   Thumb Code   232  utils_hmac.o(.text)
    base64_decode                            0x080087dd   Thumb Code   262  utils_hmac.o(.text)
    utils_md5_init                           0x080088ff   Thumb Code    14  utils_md5.o(.text)
    utils_md5_free                           0x0800890d   Thumb Code    20  utils_md5.o(.text)
    utils_md5_clone                          0x08008921   Thumb Code    18  utils_md5.o(.text)
    utils_md5_starts                         0x08008933   Thumb Code    26  utils_md5.o(.text)
    utils_md5_process                        0x0800894d   Thumb Code  2326  utils_md5.o(.text)
    utils_md5_update                         0x08009263   Thumb Code   124  utils_md5.o(.text)
    utils_md5_finish                         0x080092df   Thumb Code   206  utils_md5.o(.text)
    utils_md5                                0x080093ad   Thumb Code    50  utils_md5.o(.text)
    utils_hb2hex                             0x080093df   Thumb Code    24  utils_md5.o(.text)
    utils_sha1_init                          0x08009413   Thumb Code    14  utils_sha1.o(.text)
    utils_sha1_free                          0x08009421   Thumb Code    20  utils_sha1.o(.text)
    utils_sha1_clone                         0x08009435   Thumb Code    18  utils_sha1.o(.text)
    utils_sha1_starts                        0x08009447   Thumb Code    30  utils_sha1.o(.text)
    utils_sha1_process                       0x08009465   Thumb Code  6442  utils_sha1.o(.text)
    utils_sha1_update                        0x0800ad8f   Thumb Code   124  utils_sha1.o(.text)
    utils_sha1_finish                        0x0800ae0b   Thumb Code   228  utils_sha1.o(.text)
    utils_sha1                               0x0800aeef   Thumb Code    50  utils_sha1.o(.text)
    TIM2_ENABLE_30S                          0x0800af29   Thumb Code   118  timer2.o(.text)
    TIM3_ENABLE_30S                          0x0800afa1   Thumb Code   114  timer3.o(.text)
    TIM3_ENABLE_2S                           0x0800b013   Thumb Code   116  timer3.o(.text)
    TIM4_Init                                0x0800b08d   Thumb Code   106  timer4.o(.text)
    Uart4_Init                               0x0800b0fd   Thumb Code   170  uart4.o(.text)
    u4_printf                                0x0800b1a7   Thumb Code    84  uart4.o(.text)
    u4_TxData                                0x0800b1fb   Thumb Code    58  uart4.o(.text)
    delay_init                               0x0800b241   Thumb Code    50  delay.o(.text)
    delay_us                                 0x0800b273   Thumb Code    72  delay.o(.text)
    delay_ms                                 0x0800b2bb   Thumb Code    72  delay.o(.text)
    _sys_exit                                0x0800b315   Thumb Code     4  usart.o(.text)
    fputc                                    0x0800b319   Thumb Code    24  usart.o(.text)
    uart_init                                0x0800b331   Thumb Code   152  usart.o(.text)
    Usart_Int2                               0x0800b3c9   Thumb Code   126  usart.o(.text)
    USART_send_byte                          0x0800b447   Thumb Code    26  usart.o(.text)
    USART_Send_bytes                         0x0800b461   Thumb Code    28  usart.o(.text)
    USART_Send                               0x0800b47d   Thumb Code    46  usart.o(.text)
    send_out                                 0x0800b4ab   Thumb Code   122  usart.o(.text)
    send_8bit_out                            0x0800b525   Thumb Code    94  usart.o(.text)
    CHeck                                    0x0800b583   Thumb Code    76  usart.o(.text)
    USART1_IRQHandler                        0x0800b5cf   Thumb Code   122  usart.o(.text)
    USART3_IRQHandler                        0x0800b649   Thumb Code    94  usart.o(.text)
    usart3_init                              0x0800b6a7   Thumb Code   238  usart.o(.text)
    u3_printf                                0x0800b795   Thumb Code    72  usart.o(.text)
    Reset_Handler                            0x0800b7ed   Thumb Code     8  startup_stm32f10x_hd.o(.text)
    ADC1_2_IRQHandler                        0x0800b807   Thumb Code     0  startup_stm32f10x_hd.o(.text)
    ADC3_IRQHandler                          0x0800b807   Thumb Code     0  startup_stm32f10x_hd.o(.text)
    CAN1_RX1_IRQHandler                      0x0800b807   Thumb Code     0  startup_stm32f10x_hd.o(.text)
    CAN1_SCE_IRQHandler                      0x0800b807   Thumb Code     0  startup_stm32f10x_hd.o(.text)
    DMA1_Channel1_IRQHandler                 0x0800b807   Thumb Code     0  startup_stm32f10x_hd.o(.text)
    DMA1_Channel2_IRQHandler                 0x0800b807   Thumb Code     0  startup_stm32f10x_hd.o(.text)
    DMA1_Channel3_IRQHandler                 0x0800b807   Thumb Code     0  startup_stm32f10x_hd.o(.text)
    DMA1_Channel4_IRQHandler                 0x0800b807   Thumb Code     0  startup_stm32f10x_hd.o(.text)
    DMA1_Channel5_IRQHandler                 0x0800b807   Thumb Code     0  startup_stm32f10x_hd.o(.text)
    DMA1_Channel6_IRQHandler                 0x0800b807   Thumb Code     0  startup_stm32f10x_hd.o(.text)
    DMA1_Channel7_IRQHandler                 0x0800b807   Thumb Code     0  startup_stm32f10x_hd.o(.text)
    DMA2_Channel1_IRQHandler                 0x0800b807   Thumb Code     0  startup_stm32f10x_hd.o(.text)
    DMA2_Channel2_IRQHandler                 0x0800b807   Thumb Code     0  startup_stm32f10x_hd.o(.text)
    DMA2_Channel3_IRQHandler                 0x0800b807   Thumb Code     0  startup_stm32f10x_hd.o(.text)
    DMA2_Channel4_5_IRQHandler               0x0800b807   Thumb Code     0  startup_stm32f10x_hd.o(.text)
    EXTI0_IRQHandler                         0x0800b807   Thumb Code     0  startup_stm32f10x_hd.o(.text)
    EXTI15_10_IRQHandler                     0x0800b807   Thumb Code     0  startup_stm32f10x_hd.o(.text)
    EXTI1_IRQHandler                         0x0800b807   Thumb Code     0  startup_stm32f10x_hd.o(.text)
    EXTI2_IRQHandler                         0x0800b807   Thumb Code     0  startup_stm32f10x_hd.o(.text)
    EXTI3_IRQHandler                         0x0800b807   Thumb Code     0  startup_stm32f10x_hd.o(.text)
    EXTI4_IRQHandler                         0x0800b807   Thumb Code     0  startup_stm32f10x_hd.o(.text)
    EXTI9_5_IRQHandler                       0x0800b807   Thumb Code     0  startup_stm32f10x_hd.o(.text)
    FLASH_IRQHandler                         0x0800b807   Thumb Code     0  startup_stm32f10x_hd.o(.text)
    FSMC_IRQHandler                          0x0800b807   Thumb Code     0  startup_stm32f10x_hd.o(.text)
    I2C1_ER_IRQHandler                       0x0800b807   Thumb Code     0  startup_stm32f10x_hd.o(.text)
    I2C1_EV_IRQHandler                       0x0800b807   Thumb Code     0  startup_stm32f10x_hd.o(.text)
    I2C2_ER_IRQHandler                       0x0800b807   Thumb Code     0  startup_stm32f10x_hd.o(.text)
    I2C2_EV_IRQHandler                       0x0800b807   Thumb Code     0  startup_stm32f10x_hd.o(.text)
    PVD_IRQHandler                           0x0800b807   Thumb Code     0  startup_stm32f10x_hd.o(.text)
    RCC_IRQHandler                           0x0800b807   Thumb Code     0  startup_stm32f10x_hd.o(.text)
    RTCAlarm_IRQHandler                      0x0800b807   Thumb Code     0  startup_stm32f10x_hd.o(.text)
    RTC_IRQHandler                           0x0800b807   Thumb Code     0  startup_stm32f10x_hd.o(.text)
    SDIO_IRQHandler                          0x0800b807   Thumb Code     0  startup_stm32f10x_hd.o(.text)
    SPI1_IRQHandler                          0x0800b807   Thumb Code     0  startup_stm32f10x_hd.o(.text)
    SPI2_IRQHandler                          0x0800b807   Thumb Code     0  startup_stm32f10x_hd.o(.text)
    SPI3_IRQHandler                          0x0800b807   Thumb Code     0  startup_stm32f10x_hd.o(.text)
    TAMPER_IRQHandler                        0x0800b807   Thumb Code     0  startup_stm32f10x_hd.o(.text)
    TIM1_BRK_IRQHandler                      0x0800b807   Thumb Code     0  startup_stm32f10x_hd.o(.text)
    TIM1_CC_IRQHandler                       0x0800b807   Thumb Code     0  startup_stm32f10x_hd.o(.text)
    TIM1_TRG_COM_IRQHandler                  0x0800b807   Thumb Code     0  startup_stm32f10x_hd.o(.text)
    TIM1_UP_IRQHandler                       0x0800b807   Thumb Code     0  startup_stm32f10x_hd.o(.text)
    TIM5_IRQHandler                          0x0800b807   Thumb Code     0  startup_stm32f10x_hd.o(.text)
    TIM6_IRQHandler                          0x0800b807   Thumb Code     0  startup_stm32f10x_hd.o(.text)
    TIM8_BRK_IRQHandler                      0x0800b807   Thumb Code     0  startup_stm32f10x_hd.o(.text)
    TIM8_CC_IRQHandler                       0x0800b807   Thumb Code     0  startup_stm32f10x_hd.o(.text)
    TIM8_TRG_COM_IRQHandler                  0x0800b807   Thumb Code     0  startup_stm32f10x_hd.o(.text)
    TIM8_UP_IRQHandler                       0x0800b807   Thumb Code     0  startup_stm32f10x_hd.o(.text)
    UART5_IRQHandler                         0x0800b807   Thumb Code     0  startup_stm32f10x_hd.o(.text)
    USBWakeUp_IRQHandler                     0x0800b807   Thumb Code     0  startup_stm32f10x_hd.o(.text)
    USB_HP_CAN1_TX_IRQHandler                0x0800b807   Thumb Code     0  startup_stm32f10x_hd.o(.text)
    USB_LP_CAN1_RX0_IRQHandler               0x0800b807   Thumb Code     0  startup_stm32f10x_hd.o(.text)
    WWDG_IRQHandler                          0x0800b807   Thumb Code     0  startup_stm32f10x_hd.o(.text)
    __user_initial_stackheap                 0x0800b809   Thumb Code     0  startup_stm32f10x_hd.o(.text)
    NVIC_PriorityGroupConfig                 0x0800b82d   Thumb Code    10  misc.o(.text)
    NVIC_Init                                0x0800b837   Thumb Code   100  misc.o(.text)
    NVIC_SetVectorTable                      0x0800b89b   Thumb Code    14  misc.o(.text)
    NVIC_SystemLPConfig                      0x0800b8a9   Thumb Code    34  misc.o(.text)
    SysTick_CLKSourceConfig                  0x0800b8cb   Thumb Code    40  misc.o(.text)
    ADC_DeInit                               0x0800b909   Thumb Code    78  stm32f10x_adc.o(.text)
    ADC_Init                                 0x0800b957   Thumb Code    70  stm32f10x_adc.o(.text)
    ADC_StructInit                           0x0800b99d   Thumb Code    18  stm32f10x_adc.o(.text)
    ADC_Cmd                                  0x0800b9af   Thumb Code    22  stm32f10x_adc.o(.text)
    ADC_DMACmd                               0x0800b9c5   Thumb Code    22  stm32f10x_adc.o(.text)
    ADC_ITConfig                             0x0800b9db   Thumb Code    24  stm32f10x_adc.o(.text)
    ADC_ResetCalibration                     0x0800b9f3   Thumb Code    10  stm32f10x_adc.o(.text)
    ADC_GetResetCalibrationStatus            0x0800b9fd   Thumb Code    20  stm32f10x_adc.o(.text)
    ADC_StartCalibration                     0x0800ba11   Thumb Code    10  stm32f10x_adc.o(.text)
    ADC_GetCalibrationStatus                 0x0800ba1b   Thumb Code    20  stm32f10x_adc.o(.text)
    ADC_SoftwareStartConvCmd                 0x0800ba2f   Thumb Code    22  stm32f10x_adc.o(.text)
    ADC_GetSoftwareStartConvStatus           0x0800ba45   Thumb Code    20  stm32f10x_adc.o(.text)
    ADC_DiscModeChannelCountConfig           0x0800ba59   Thumb Code    24  stm32f10x_adc.o(.text)
    ADC_DiscModeCmd                          0x0800ba71   Thumb Code    22  stm32f10x_adc.o(.text)
    ADC_RegularChannelConfig                 0x0800ba87   Thumb Code   184  stm32f10x_adc.o(.text)
    ADC_ExternalTrigConvCmd                  0x0800bb3f   Thumb Code    22  stm32f10x_adc.o(.text)
    ADC_GetConversionValue                   0x0800bb55   Thumb Code     8  stm32f10x_adc.o(.text)
    ADC_GetDualModeConversionValue           0x0800bb5d   Thumb Code     8  stm32f10x_adc.o(.text)
    ADC_AutoInjectedConvCmd                  0x0800bb65   Thumb Code    22  stm32f10x_adc.o(.text)
    ADC_InjectedDiscModeCmd                  0x0800bb7b   Thumb Code    22  stm32f10x_adc.o(.text)
    ADC_ExternalTrigInjectedConvConfig       0x0800bb91   Thumb Code    16  stm32f10x_adc.o(.text)
    ADC_ExternalTrigInjectedConvCmd          0x0800bba1   Thumb Code    22  stm32f10x_adc.o(.text)
    ADC_SoftwareStartInjectedConvCmd         0x0800bbb7   Thumb Code    22  stm32f10x_adc.o(.text)
    ADC_GetSoftwareStartInjectedConvCmdStatus 0x0800bbcd   Thumb Code    20  stm32f10x_adc.o(.text)
    ADC_InjectedChannelConfig                0x0800bbe1   Thumb Code   130  stm32f10x_adc.o(.text)
    ADC_InjectedSequencerLengthConfig        0x0800bc63   Thumb Code    24  stm32f10x_adc.o(.text)
    ADC_SetInjectedOffset                    0x0800bc7b   Thumb Code    20  stm32f10x_adc.o(.text)
    ADC_GetInjectedConversionValue           0x0800bc8f   Thumb Code    28  stm32f10x_adc.o(.text)
    ADC_AnalogWatchdogCmd                    0x0800bcab   Thumb Code    16  stm32f10x_adc.o(.text)
    ADC_AnalogWatchdogThresholdsConfig       0x0800bcbb   Thumb Code     6  stm32f10x_adc.o(.text)
    ADC_AnalogWatchdogSingleChannelConfig    0x0800bcc1   Thumb Code    16  stm32f10x_adc.o(.text)
    ADC_TempSensorVrefintCmd                 0x0800bcd1   Thumb Code    64  stm32f10x_adc.o(.text)
    ADC_GetFlagStatus                        0x0800bd11   Thumb Code    18  stm32f10x_adc.o(.text)
    ADC_ClearFlag                            0x0800bd23   Thumb Code     6  stm32f10x_adc.o(.text)
    ADC_GetITStatus                          0x0800bd29   Thumb Code    36  stm32f10x_adc.o(.text)
    ADC_ClearITPendingBit                    0x0800bd4d   Thumb Code    10  stm32f10x_adc.o(.text)
    FSMC_NORSRAMDeInit                       0x0800bd59   Thumb Code    54  stm32f10x_fsmc.o(.text)
    FSMC_NANDDeInit                          0x0800bd8f   Thumb Code    62  stm32f10x_fsmc.o(.text)
    FSMC_PCCARDDeInit                        0x0800bdcd   Thumb Code    36  stm32f10x_fsmc.o(.text)
    FSMC_NORSRAMInit                         0x0800bdf1   Thumb Code   230  stm32f10x_fsmc.o(.text)
    FSMC_NANDInit                            0x0800bed7   Thumb Code   132  stm32f10x_fsmc.o(.text)
    FSMC_PCCARDInit                          0x0800bf5b   Thumb Code   130  stm32f10x_fsmc.o(.text)
    FSMC_NORSRAMStructInit                   0x0800bfdd   Thumb Code   114  stm32f10x_fsmc.o(.text)
    FSMC_NANDStructInit                      0x0800c04f   Thumb Code    54  stm32f10x_fsmc.o(.text)
    FSMC_PCCARDStructInit                    0x0800c085   Thumb Code    60  stm32f10x_fsmc.o(.text)
    FSMC_NORSRAMCmd                          0x0800c0c1   Thumb Code    46  stm32f10x_fsmc.o(.text)
    FSMC_NANDCmd                             0x0800c0ef   Thumb Code    86  stm32f10x_fsmc.o(.text)
    FSMC_PCCARDCmd                           0x0800c145   Thumb Code    44  stm32f10x_fsmc.o(.text)
    FSMC_NANDECCCmd                          0x0800c171   Thumb Code    90  stm32f10x_fsmc.o(.text)
    FSMC_GetECC                              0x0800c1cb   Thumb Code    24  stm32f10x_fsmc.o(.text)
    FSMC_ITConfig                            0x0800c1e3   Thumb Code   128  stm32f10x_fsmc.o(.text)
    FSMC_GetFlagStatus                       0x0800c263   Thumb Code    54  stm32f10x_fsmc.o(.text)
    FSMC_ClearFlag                           0x0800c299   Thumb Code    62  stm32f10x_fsmc.o(.text)
    FSMC_GetITStatus                         0x0800c2d7   Thumb Code    64  stm32f10x_fsmc.o(.text)
    FSMC_ClearITPendingBit                   0x0800c317   Thumb Code    68  stm32f10x_fsmc.o(.text)
    GPIO_DeInit                              0x0800c365   Thumb Code   172  stm32f10x_gpio.o(.text)
    GPIO_AFIODeInit                          0x0800c411   Thumb Code    20  stm32f10x_gpio.o(.text)
    GPIO_Init                                0x0800c425   Thumb Code   278  stm32f10x_gpio.o(.text)
    GPIO_StructInit                          0x0800c53b   Thumb Code    16  stm32f10x_gpio.o(.text)
    GPIO_ReadInputDataBit                    0x0800c54b   Thumb Code    18  stm32f10x_gpio.o(.text)
    GPIO_ReadInputData                       0x0800c55d   Thumb Code     8  stm32f10x_gpio.o(.text)
    GPIO_ReadOutputDataBit                   0x0800c565   Thumb Code    18  stm32f10x_gpio.o(.text)
    GPIO_ReadOutputData                      0x0800c577   Thumb Code     8  stm32f10x_gpio.o(.text)
    GPIO_SetBits                             0x0800c57f   Thumb Code     4  stm32f10x_gpio.o(.text)
    GPIO_ResetBits                           0x0800c583   Thumb Code     4  stm32f10x_gpio.o(.text)
    GPIO_WriteBit                            0x0800c587   Thumb Code    10  stm32f10x_gpio.o(.text)
    GPIO_Write                               0x0800c591   Thumb Code     4  stm32f10x_gpio.o(.text)
    GPIO_PinLockConfig                       0x0800c595   Thumb Code    18  stm32f10x_gpio.o(.text)
    GPIO_EventOutputConfig                   0x0800c5a7   Thumb Code    26  stm32f10x_gpio.o(.text)
    GPIO_EventOutputCmd                      0x0800c5c1   Thumb Code     6  stm32f10x_gpio.o(.text)
    GPIO_PinRemapConfig                      0x0800c5c7   Thumb Code   138  stm32f10x_gpio.o(.text)
    GPIO_EXTILineConfig                      0x0800c651   Thumb Code    66  stm32f10x_gpio.o(.text)
    GPIO_ETH_MediaInterfaceConfig            0x0800c693   Thumb Code     8  stm32f10x_gpio.o(.text)
    USART_DeInit                             0x0800c6c1   Thumb Code   134  stm32f10x_usart.o(.text)
    USART_Init                               0x0800c747   Thumb Code   210  stm32f10x_usart.o(.text)
    USART_StructInit                         0x0800c819   Thumb Code    24  stm32f10x_usart.o(.text)
    USART_ClockInit                          0x0800c831   Thumb Code    34  stm32f10x_usart.o(.text)
    USART_ClockStructInit                    0x0800c853   Thumb Code    12  stm32f10x_usart.o(.text)
    USART_Cmd                                0x0800c85f   Thumb Code    24  stm32f10x_usart.o(.text)
    USART_ITConfig                           0x0800c877   Thumb Code    74  stm32f10x_usart.o(.text)
    USART_DMACmd                             0x0800c8c1   Thumb Code    18  stm32f10x_usart.o(.text)
    USART_SetAddress                         0x0800c8d3   Thumb Code    18  stm32f10x_usart.o(.text)
    USART_WakeUpConfig                       0x0800c8e5   Thumb Code    18  stm32f10x_usart.o(.text)
    USART_ReceiverWakeUpCmd                  0x0800c8f7   Thumb Code    24  stm32f10x_usart.o(.text)
    USART_LINBreakDetectLengthConfig         0x0800c90f   Thumb Code    18  stm32f10x_usart.o(.text)
    USART_LINCmd                             0x0800c921   Thumb Code    24  stm32f10x_usart.o(.text)
    USART_SendData                           0x0800c939   Thumb Code     8  stm32f10x_usart.o(.text)
    USART_ReceiveData                        0x0800c941   Thumb Code    10  stm32f10x_usart.o(.text)
    USART_SendBreak                          0x0800c94b   Thumb Code    10  stm32f10x_usart.o(.text)
    USART_SetGuardTime                       0x0800c955   Thumb Code    16  stm32f10x_usart.o(.text)
    USART_SetPrescaler                       0x0800c965   Thumb Code    16  stm32f10x_usart.o(.text)
    USART_SmartCardCmd                       0x0800c975   Thumb Code    24  stm32f10x_usart.o(.text)
    USART_SmartCardNACKCmd                   0x0800c98d   Thumb Code    24  stm32f10x_usart.o(.text)
    USART_HalfDuplexCmd                      0x0800c9a5   Thumb Code    24  stm32f10x_usart.o(.text)
    USART_OverSampling8Cmd                   0x0800c9bd   Thumb Code    22  stm32f10x_usart.o(.text)
    USART_OneBitMethodCmd                    0x0800c9d3   Thumb Code    24  stm32f10x_usart.o(.text)
    USART_IrDAConfig                         0x0800c9eb   Thumb Code    18  stm32f10x_usart.o(.text)
    USART_IrDACmd                            0x0800c9fd   Thumb Code    24  stm32f10x_usart.o(.text)
    USART_GetFlagStatus                      0x0800ca15   Thumb Code    26  stm32f10x_usart.o(.text)
    USART_ClearFlag                          0x0800ca2f   Thumb Code    18  stm32f10x_usart.o(.text)
    USART_GetITStatus                        0x0800ca41   Thumb Code    84  stm32f10x_usart.o(.text)
    USART_ClearITPendingBit                  0x0800ca95   Thumb Code    52  stm32f10x_usart.o(.text)
    RCC_DeInit                               0x0800cac9   Thumb Code    64  stm32f10x_rcc.o(.text)
    RCC_HSEConfig                            0x0800cb09   Thumb Code    70  stm32f10x_rcc.o(.text)
    RCC_GetFlagStatus                        0x0800cb4f   Thumb Code    56  stm32f10x_rcc.o(.text)
    RCC_WaitForHSEStartUp                    0x0800cb87   Thumb Code    56  stm32f10x_rcc.o(.text)
    RCC_AdjustHSICalibrationValue            0x0800cbbf   Thumb Code    20  stm32f10x_rcc.o(.text)
    RCC_HSICmd                               0x0800cbd3   Thumb Code     6  stm32f10x_rcc.o(.text)
    RCC_PLLConfig                            0x0800cbd9   Thumb Code    24  stm32f10x_rcc.o(.text)
    RCC_PLLCmd                               0x0800cbf1   Thumb Code     6  stm32f10x_rcc.o(.text)
    RCC_SYSCLKConfig                         0x0800cbf7   Thumb Code    18  stm32f10x_rcc.o(.text)
    RCC_GetSYSCLKSource                      0x0800cc09   Thumb Code    10  stm32f10x_rcc.o(.text)
    RCC_HCLKConfig                           0x0800cc13   Thumb Code    18  stm32f10x_rcc.o(.text)
    RCC_PCLK1Config                          0x0800cc25   Thumb Code    18  stm32f10x_rcc.o(.text)
    RCC_PCLK2Config                          0x0800cc37   Thumb Code    20  stm32f10x_rcc.o(.text)
    RCC_ITConfig                             0x0800cc4b   Thumb Code    26  stm32f10x_rcc.o(.text)
    RCC_USBCLKConfig                         0x0800cc65   Thumb Code     8  stm32f10x_rcc.o(.text)
    RCC_ADCCLKConfig                         0x0800cc6d   Thumb Code    18  stm32f10x_rcc.o(.text)
    RCC_LSEConfig                            0x0800cc7f   Thumb Code    50  stm32f10x_rcc.o(.text)
    RCC_LSICmd                               0x0800ccb1   Thumb Code     6  stm32f10x_rcc.o(.text)
    RCC_RTCCLKConfig                         0x0800ccb7   Thumb Code    12  stm32f10x_rcc.o(.text)
    RCC_RTCCLKCmd                            0x0800ccc3   Thumb Code     8  stm32f10x_rcc.o(.text)
    RCC_GetClocksFreq                        0x0800cccb   Thumb Code   192  stm32f10x_rcc.o(.text)
    RCC_AHBPeriphClockCmd                    0x0800cd8b   Thumb Code    26  stm32f10x_rcc.o(.text)
    RCC_APB2PeriphClockCmd                   0x0800cda5   Thumb Code    26  stm32f10x_rcc.o(.text)
    RCC_APB1PeriphClockCmd                   0x0800cdbf   Thumb Code    26  stm32f10x_rcc.o(.text)
    RCC_APB2PeriphResetCmd                   0x0800cdd9   Thumb Code    26  stm32f10x_rcc.o(.text)
    RCC_APB1PeriphResetCmd                   0x0800cdf3   Thumb Code    26  stm32f10x_rcc.o(.text)
    RCC_BackupResetCmd                       0x0800ce0d   Thumb Code     8  stm32f10x_rcc.o(.text)
    RCC_ClockSecuritySystemCmd               0x0800ce15   Thumb Code     6  stm32f10x_rcc.o(.text)
    RCC_MCOConfig                            0x0800ce1b   Thumb Code     6  stm32f10x_rcc.o(.text)
    RCC_ClearFlag                            0x0800ce21   Thumb Code    14  stm32f10x_rcc.o(.text)
    RCC_GetITStatus                          0x0800ce2f   Thumb Code    20  stm32f10x_rcc.o(.text)
    RCC_ClearITPendingBit                    0x0800ce43   Thumb Code     6  stm32f10x_rcc.o(.text)
    TIM_DeInit                               0x0800ce6d   Thumb Code   424  stm32f10x_tim.o(.text)
    TIM_TimeBaseInit                         0x0800d015   Thumb Code   122  stm32f10x_tim.o(.text)
    TIM_OC1Init                              0x0800d08f   Thumb Code   132  stm32f10x_tim.o(.text)
    TIM_OC2Init                              0x0800d113   Thumb Code   154  stm32f10x_tim.o(.text)
    TIM_OC3Init                              0x0800d1ad   Thumb Code   150  stm32f10x_tim.o(.text)
    TIM_OC4Init                              0x0800d243   Thumb Code   182  stm32f10x_tim.o(.text)
    TIM_SetIC4Prescaler                      0x0800d2f9   Thumb Code    26  stm32f10x_tim.o(.text)
    TIM_SetIC3Prescaler                      0x0800d395   Thumb Code    18  stm32f10x_tim.o(.text)
    TIM_SetIC2Prescaler                      0x0800d421   Thumb Code    26  stm32f10x_tim.o(.text)
    TIM_SetIC1Prescaler                      0x0800d4bd   Thumb Code    18  stm32f10x_tim.o(.text)
    TIM_ICInit                               0x0800d53b   Thumb Code   150  stm32f10x_tim.o(.text)
    TIM_PWMIConfig                           0x0800d5d1   Thumb Code   124  stm32f10x_tim.o(.text)
    TIM_BDTRConfig                           0x0800d64d   Thumb Code    32  stm32f10x_tim.o(.text)
    TIM_TimeBaseStructInit                   0x0800d66d   Thumb Code    18  stm32f10x_tim.o(.text)
    TIM_OCStructInit                         0x0800d67f   Thumb Code    20  stm32f10x_tim.o(.text)
    TIM_ICStructInit                         0x0800d693   Thumb Code    18  stm32f10x_tim.o(.text)
    TIM_BDTRStructInit                       0x0800d6a5   Thumb Code    40  stm32f10x_tim.o(.text)
    TIM_Cmd                                  0x0800d6cd   Thumb Code    24  stm32f10x_tim.o(.text)
    TIM_CtrlPWMOutputs                       0x0800d6e5   Thumb Code    30  stm32f10x_tim.o(.text)
    TIM_ITConfig                             0x0800d703   Thumb Code    18  stm32f10x_tim.o(.text)
    TIM_GenerateEvent                        0x0800d715   Thumb Code     4  stm32f10x_tim.o(.text)
    TIM_DMAConfig                            0x0800d719   Thumb Code    10  stm32f10x_tim.o(.text)
    TIM_DMACmd                               0x0800d723   Thumb Code    18  stm32f10x_tim.o(.text)
    TIM_InternalClockConfig                  0x0800d735   Thumb Code    12  stm32f10x_tim.o(.text)
    TIM_SelectInputTrigger                   0x0800d741   Thumb Code    18  stm32f10x_tim.o(.text)
    TIM_ITRxExternalClockConfig              0x0800d753   Thumb Code    24  stm32f10x_tim.o(.text)
    TIM_TIxExternalClockConfig               0x0800d76b   Thumb Code    62  stm32f10x_tim.o(.text)
    TIM_ETRConfig                            0x0800d7a9   Thumb Code    28  stm32f10x_tim.o(.text)
    TIM_ETRClockMode1Config                  0x0800d7c5   Thumb Code    54  stm32f10x_tim.o(.text)
    TIM_ETRClockMode2Config                  0x0800d7fb   Thumb Code    32  stm32f10x_tim.o(.text)
    TIM_PrescalerConfig                      0x0800d81b   Thumb Code     6  stm32f10x_tim.o(.text)
    TIM_CounterModeConfig                    0x0800d821   Thumb Code    18  stm32f10x_tim.o(.text)
    TIM_EncoderInterfaceConfig               0x0800d833   Thumb Code    66  stm32f10x_tim.o(.text)
    TIM_ForcedOC1Config                      0x0800d875   Thumb Code    18  stm32f10x_tim.o(.text)
    TIM_ForcedOC2Config                      0x0800d887   Thumb Code    26  stm32f10x_tim.o(.text)
    TIM_ForcedOC3Config                      0x0800d8a1   Thumb Code    18  stm32f10x_tim.o(.text)
    TIM_ForcedOC4Config                      0x0800d8b3   Thumb Code    26  stm32f10x_tim.o(.text)
    TIM_ARRPreloadConfig                     0x0800d8cd   Thumb Code    24  stm32f10x_tim.o(.text)
    TIM_SelectCOM                            0x0800d8e5   Thumb Code    24  stm32f10x_tim.o(.text)
    TIM_SelectCCDMA                          0x0800d8fd   Thumb Code    24  stm32f10x_tim.o(.text)
    TIM_CCPreloadControl                     0x0800d915   Thumb Code    24  stm32f10x_tim.o(.text)
    TIM_OC1PreloadConfig                     0x0800d92d   Thumb Code    18  stm32f10x_tim.o(.text)
    TIM_OC2PreloadConfig                     0x0800d93f   Thumb Code    26  stm32f10x_tim.o(.text)
    TIM_OC3PreloadConfig                     0x0800d959   Thumb Code    18  stm32f10x_tim.o(.text)
    TIM_OC4PreloadConfig                     0x0800d96b   Thumb Code    26  stm32f10x_tim.o(.text)
    TIM_OC1FastConfig                        0x0800d985   Thumb Code    18  stm32f10x_tim.o(.text)
    TIM_OC2FastConfig                        0x0800d997   Thumb Code    26  stm32f10x_tim.o(.text)
    TIM_OC3FastConfig                        0x0800d9b1   Thumb Code    18  stm32f10x_tim.o(.text)
    TIM_OC4FastConfig                        0x0800d9c3   Thumb Code    26  stm32f10x_tim.o(.text)
    TIM_ClearOC1Ref                          0x0800d9dd   Thumb Code    18  stm32f10x_tim.o(.text)
    TIM_ClearOC2Ref                          0x0800d9ef   Thumb Code    24  stm32f10x_tim.o(.text)
    TIM_ClearOC3Ref                          0x0800da07   Thumb Code    18  stm32f10x_tim.o(.text)
    TIM_ClearOC4Ref                          0x0800da19   Thumb Code    24  stm32f10x_tim.o(.text)
    TIM_OC1PolarityConfig                    0x0800da31   Thumb Code    18  stm32f10x_tim.o(.text)
    TIM_OC1NPolarityConfig                   0x0800da43   Thumb Code    18  stm32f10x_tim.o(.text)
    TIM_OC2PolarityConfig                    0x0800da55   Thumb Code    26  stm32f10x_tim.o(.text)
    TIM_OC2NPolarityConfig                   0x0800da6f   Thumb Code    26  stm32f10x_tim.o(.text)
    TIM_OC3PolarityConfig                    0x0800da89   Thumb Code    26  stm32f10x_tim.o(.text)
    TIM_OC3NPolarityConfig                   0x0800daa3   Thumb Code    26  stm32f10x_tim.o(.text)
    TIM_OC4PolarityConfig                    0x0800dabd   Thumb Code    26  stm32f10x_tim.o(.text)
    TIM_CCxCmd                               0x0800dad7   Thumb Code    30  stm32f10x_tim.o(.text)
    TIM_CCxNCmd                              0x0800daf5   Thumb Code    30  stm32f10x_tim.o(.text)
    TIM_SelectOCxM                           0x0800db13   Thumb Code    82  stm32f10x_tim.o(.text)
    TIM_UpdateDisableConfig                  0x0800db65   Thumb Code    24  stm32f10x_tim.o(.text)
    TIM_UpdateRequestConfig                  0x0800db7d   Thumb Code    24  stm32f10x_tim.o(.text)
    TIM_SelectHallSensor                     0x0800db95   Thumb Code    24  stm32f10x_tim.o(.text)
    TIM_SelectOnePulseMode                   0x0800dbad   Thumb Code    18  stm32f10x_tim.o(.text)
    TIM_SelectOutputTrigger                  0x0800dbbf   Thumb Code    18  stm32f10x_tim.o(.text)
    TIM_SelectSlaveMode                      0x0800dbd1   Thumb Code    18  stm32f10x_tim.o(.text)
    TIM_SelectMasterSlaveMode                0x0800dbe3   Thumb Code    18  stm32f10x_tim.o(.text)
    TIM_SetCounter                           0x0800dbf5   Thumb Code     4  stm32f10x_tim.o(.text)
    TIM_SetAutoreload                        0x0800dbf9   Thumb Code     4  stm32f10x_tim.o(.text)
    TIM_SetCompare1                          0x0800dbfd   Thumb Code     4  stm32f10x_tim.o(.text)
    TIM_SetCompare2                          0x0800dc01   Thumb Code     4  stm32f10x_tim.o(.text)
    TIM_SetCompare3                          0x0800dc05   Thumb Code     4  stm32f10x_tim.o(.text)
    TIM_SetCompare4                          0x0800dc09   Thumb Code     6  stm32f10x_tim.o(.text)
    TIM_SetClockDivision                     0x0800dc0f   Thumb Code    18  stm32f10x_tim.o(.text)
    TIM_GetCapture1                          0x0800dc21   Thumb Code     6  stm32f10x_tim.o(.text)
    TIM_GetCapture2                          0x0800dc27   Thumb Code     6  stm32f10x_tim.o(.text)
    TIM_GetCapture3                          0x0800dc2d   Thumb Code     6  stm32f10x_tim.o(.text)
    TIM_GetCapture4                          0x0800dc33   Thumb Code     8  stm32f10x_tim.o(.text)
    TIM_GetCounter                           0x0800dc3b   Thumb Code     6  stm32f10x_tim.o(.text)
    TIM_GetPrescaler                         0x0800dc41   Thumb Code     6  stm32f10x_tim.o(.text)
    TIM_GetFlagStatus                        0x0800dc47   Thumb Code    18  stm32f10x_tim.o(.text)
    TIM_ClearFlag                            0x0800dc59   Thumb Code     6  stm32f10x_tim.o(.text)
    TIM_GetITStatus                          0x0800dc5f   Thumb Code    34  stm32f10x_tim.o(.text)
    TIM_ClearITPendingBit                    0x0800dc81   Thumb Code     6  stm32f10x_tim.o(.text)
    __use_no_semihosting                     0x0800dc87   Thumb Code     2  use_no_semi_2.o(.text)
    __c89vsprintf                            0x0800dc89   Thumb Code    32  c89vsprintf.o(.text)
    __2printf                                0x0800dcad   Thumb Code    20  __2printf.o(.text)
    __2sprintf                               0x0800dcc5   Thumb Code    38  __2sprintf.o(.text)
    _printf_pre_padding                      0x0800dcf1   Thumb Code    44  _printf_pad.o(.text)
    _printf_post_padding                     0x0800dd1d   Thumb Code    34  _printf_pad.o(.text)
    _printf_str                              0x0800dd3f   Thumb Code    82  _printf_str.o(.text)
    _printf_int_dec                          0x0800dd91   Thumb Code   104  _printf_dec.o(.text)
    _printf_longlong_hex                     0x0800de09   Thumb Code    86  _printf_hex_int_ll_ptr.o(.text)
    _printf_int_hex                          0x0800de5f   Thumb Code    28  _printf_hex_int_ll_ptr.o(.text)
    _printf_ll_hex                           0x0800de7b   Thumb Code    12  _printf_hex_int_ll_ptr.o(.text)
    _printf_hex_ptr                          0x0800de87   Thumb Code    18  _printf_hex_int_ll_ptr.o(.text)
    __printf                                 0x0800de9d   Thumb Code   388  __printf_flags_ss_wp.o(.text)
    strstr                                   0x0800e025   Thumb Code    36  strstr.o(.text)
    strlen                                   0x0800e049   Thumb Code    62  strlen.o(.text)
    __aeabi_memcpy                           0x0800e087   Thumb Code     0  rt_memcpy_v6.o(.text)
    __rt_memcpy                              0x0800e087   Thumb Code   138  rt_memcpy_v6.o(.text)
    _memcpy_lastbytes                        0x0800e0ed   Thumb Code     0  rt_memcpy_v6.o(.text)
    __aeabi_memcpy4                          0x0800e111   Thumb Code     0  rt_memcpy_w.o(.text)
    __aeabi_memcpy8                          0x0800e111   Thumb Code     0  rt_memcpy_w.o(.text)
    __rt_memcpy_w                            0x0800e111   Thumb Code   100  rt_memcpy_w.o(.text)
    _memcpy_lastbytes_aligned                0x0800e159   Thumb Code     0  rt_memcpy_w.o(.text)
    __aeabi_memset                           0x0800e175   Thumb Code    16  aeabi_memset.o(.text)
    __aeabi_memclr                           0x0800e185   Thumb Code     0  rt_memclr.o(.text)
    __rt_memclr                              0x0800e185   Thumb Code    68  rt_memclr.o(.text)
    _memset                                  0x0800e189   Thumb Code     0  rt_memclr.o(.text)
    __aeabi_memclr4                          0x0800e1c9   Thumb Code     0  rt_memclr_w.o(.text)
    __aeabi_memclr8                          0x0800e1c9   Thumb Code     0  rt_memclr_w.o(.text)
    __rt_memclr_w                            0x0800e1c9   Thumb Code    78  rt_memclr_w.o(.text)
    _memset_w                                0x0800e1cd   Thumb Code     0  rt_memclr_w.o(.text)
    __use_two_region_memory                  0x0800e217   Thumb Code     2  heapauxi.o(.text)
    __rt_heap_escrow$2region                 0x0800e219   Thumb Code     2  heapauxi.o(.text)
    __rt_heap_expand$2region                 0x0800e21b   Thumb Code     2  heapauxi.o(.text)
    __I$use$semihosting                      0x0800e21d   Thumb Code     0  use_no_semi.o(.text)
    __use_no_semihosting_swi                 0x0800e21d   Thumb Code     2  use_no_semi.o(.text)
    __read_errno                             0x0800e21f   Thumb Code    10  _rserrno.o(.text)
    __set_errno                              0x0800e229   Thumb Code    12  _rserrno.o(.text)
    _printf_truncate_signed                  0x0800e235   Thumb Code    18  _printf_truncate.o(.text)
    _printf_truncate_unsigned                0x0800e247   Thumb Code    18  _printf_truncate.o(.text)
    _printf_int_common                       0x0800e259   Thumb Code   178  _printf_intcommon.o(.text)
    _printf_charcount                        0x0800e30b   Thumb Code    40  _printf_charcount.o(.text)
    __lib_sel_fp_printf                      0x0800e333   Thumb Code     2  _printf_fp_dec.o(.text)
    _printf_fp_dec_real                      0x0800e4e1   Thumb Code   620  _printf_fp_dec.o(.text)
    _printf_char_common                      0x0800e757   Thumb Code    32  _printf_char_common.o(.text)
    _sputc                                   0x0800e77d   Thumb Code    10  _sputc.o(.text)
    _printf_cs_common                        0x0800e787   Thumb Code    20  _printf_char.o(.text)
    _printf_char                             0x0800e79b   Thumb Code    16  _printf_char.o(.text)
    _printf_string                           0x0800e7ab   Thumb Code     8  _printf_char.o(.text)
    _printf_char_file                        0x0800e7b5   Thumb Code    32  _printf_char_file.o(.text)
    _printf_wctomb                           0x0800e7d9   Thumb Code   182  _printf_wctomb.o(.text)
    _printf_longlong_dec                     0x0800e895   Thumb Code   108  _printf_longlong_dec.o(.text)
    _printf_longlong_oct                     0x0800e911   Thumb Code    68  _printf_oct_int_ll.o(.text)
    _printf_int_oct                          0x0800e955   Thumb Code    24  _printf_oct_int_ll.o(.text)
    _printf_ll_oct                           0x0800e96d   Thumb Code    12  _printf_oct_int_ll.o(.text)
    __rt_locale                              0x0800e981   Thumb Code     8  rt_locale_intlibspace.o(.text)
    __aeabi_errno_addr                       0x0800e989   Thumb Code     8  rt_errno_addr_intlibspace.o(.text)
    __errno$intlibspace                      0x0800e989   Thumb Code     0  rt_errno_addr_intlibspace.o(.text)
    __rt_errno_addr$intlibspace              0x0800e989   Thumb Code     0  rt_errno_addr_intlibspace.o(.text)
    _ll_udiv10                               0x0800e991   Thumb Code   138  lludiv10.o(.text)
    _printf_fp_infnan                        0x0800ea1d   Thumb Code   112  _printf_fp_infnan.o(.text)
    _printf_lcs_common                       0x0800ea9d   Thumb Code    20  _printf_wchar.o(.text)
    _printf_wchar                            0x0800eab1   Thumb Code    16  _printf_wchar.o(.text)
    _printf_wstring                          0x0800eac1   Thumb Code     8  _printf_wchar.o(.text)
    _btod_etento                             0x0800eac9   Thumb Code   216  bigflt0.o(.text)
    ferror                                   0x0800eba5   Thumb Code     8  ferror.o(.text)
    _wcrtomb                                 0x0800ebad   Thumb Code    64  _wcrtomb.o(.text)
    __user_libspace                          0x0800ebed   Thumb Code     8  libspace.o(.text)
    __user_perproc_libspace                  0x0800ebed   Thumb Code     0  libspace.o(.text)
    __user_perthread_libspace                0x0800ebed   Thumb Code     0  libspace.o(.text)
    __user_setup_stackheap                   0x0800ebf5   Thumb Code    74  sys_stackheap_outer.o(.text)
    __rt_ctype_table                         0x0800ec41   Thumb Code    16  rt_ctype_table.o(.text)
    exit                                     0x0800ec51   Thumb Code    18  exit.o(.text)
    strcmp                                   0x0800ec65   Thumb Code   128  strcmpv7m.o(.text)
    _btod_d2e                                0x0800ece5   Thumb Code    62  btod.o(CL$$btod_d2e)
    _d2e_denorm_low                          0x0800ed23   Thumb Code    70  btod.o(CL$$btod_d2e_denorm_low)
    _d2e_norm_op1                            0x0800ed69   Thumb Code    96  btod.o(CL$$btod_d2e_norm_op1)
    __btod_div_common                        0x0800edc9   Thumb Code   696  btod.o(CL$$btod_div_common)
    _e2e                                     0x0800f101   Thumb Code   198  btod.o(CL$$btod_e2e)
    _btod_ediv                               0x0800f1c7   Thumb Code    40  btod.o(CL$$btod_ediv)
    _btod_emul                               0x0800f1ef   Thumb Code    40  btod.o(CL$$btod_emul)
    __btod_mult_common                       0x0800f217   Thumb Code   580  btod.o(CL$$btod_mult_common)
    __ARM_fpclassify                         0x0800f45b   Thumb Code    40  fpclassify.o(i.__ARM_fpclassify)
    _is_digit                                0x0800f483   Thumb Code    14  __printf_wp.o(i._is_digit)
    sqrt                                     0x0800f491   Thumb Code    76  sqrt.o(i.sqrt)
    _get_lc_numeric                          0x0800f4dd   Thumb Code    44  lc_numeric_c.o(locale$$code)
    _get_lc_ctype                            0x0800f509   Thumb Code    44  lc_ctype_c.o(locale$$code)
    __aeabi_d2f                              0x0800f535   Thumb Code     0  d2f.o(x$fpl$d2f)
    _d2f                                     0x0800f535   Thumb Code    98  d2f.o(x$fpl$d2f)
    __aeabi_dadd                             0x0800f599   Thumb Code     0  daddsub_clz.o(x$fpl$dadd)
    _dadd                                    0x0800f599   Thumb Code   332  daddsub_clz.o(x$fpl$dadd)
    __aeabi_ddiv                             0x0800f6e9   Thumb Code     0  ddiv.o(x$fpl$ddiv)
    _ddiv                                    0x0800f6e9   Thumb Code   552  ddiv.o(x$fpl$ddiv)
    __aeabi_d2iz                             0x0800f999   Thumb Code     0  dfix.o(x$fpl$dfix)
    _dfix                                    0x0800f999   Thumb Code    94  dfix.o(x$fpl$dfix)
    __aeabi_d2uiz                            0x0800f9f9   Thumb Code     0  dfixu.o(x$fpl$dfixu)
    _dfixu                                   0x0800f9f9   Thumb Code    90  dfixu.o(x$fpl$dfixu)
    __aeabi_ui2d                             0x0800fa53   Thumb Code     0  dflt_clz.o(x$fpl$dfltu)
    _dfltu                                   0x0800fa53   Thumb Code    38  dflt_clz.o(x$fpl$dfltu)
    __aeabi_dmul                             0x0800fa79   Thumb Code     0  dmul.o(x$fpl$dmul)
    _dmul                                    0x0800fa79   Thumb Code   332  dmul.o(x$fpl$dmul)
    __fpl_dnaninf                            0x0800fbcd   Thumb Code   156  dnaninf.o(x$fpl$dnaninf)
    __fpl_dretinf                            0x0800fc69   Thumb Code    12  dretinf.o(x$fpl$dretinf)
    _dsqrt                                   0x0800fc75   Thumb Code   456  dsqrt_noumaal.o(x$fpl$dsqrt)
    __aeabi_dsub                             0x0800fe41   Thumb Code     0  daddsub_clz.o(x$fpl$dsub)
    _dsub                                    0x0800fe41   Thumb Code   464  daddsub_clz.o(x$fpl$dsub)
    __aeabi_f2d                              0x08010015   Thumb Code     0  f2d.o(x$fpl$f2d)
    _f2d                                     0x08010015   Thumb Code    86  f2d.o(x$fpl$f2d)
    __aeabi_fadd                             0x0801006d   Thumb Code     0  faddsub_clz.o(x$fpl$fadd)
    _fadd                                    0x0801006d   Thumb Code   196  faddsub_clz.o(x$fpl$fadd)
    __fpl_fcmp_Inf                           0x08010131   Thumb Code    24  fcmpi.o(x$fpl$fcmpinf)
    __aeabi_fdiv                             0x08010149   Thumb Code     0  fdiv.o(x$fpl$fdiv)
    _fdiv                                    0x08010149   Thumb Code   384  fdiv.o(x$fpl$fdiv)
    __aeabi_f2uiz                            0x080102cd   Thumb Code     0  ffixu.o(x$fpl$ffixu)
    _ffixu                                   0x080102cd   Thumb Code    62  ffixu.o(x$fpl$ffixu)
    __aeabi_i2f                              0x0801030d   Thumb Code     0  fflt_clz.o(x$fpl$fflt)
    _fflt                                    0x0801030d   Thumb Code    48  fflt_clz.o(x$fpl$fflt)
    __aeabi_ui2f                             0x0801033d   Thumb Code     0  fflt_clz.o(x$fpl$ffltu)
    _ffltu                                   0x0801033d   Thumb Code    38  fflt_clz.o(x$fpl$ffltu)
    __aeabi_cfcmple                          0x08010365   Thumb Code     0  fleqf.o(x$fpl$fleqf)
    _fcmple                                  0x08010365   Thumb Code   104  fleqf.o(x$fpl$fleqf)
    __fpl_fcmple_InfNaN                      0x080103b7   Thumb Code     0  fleqf.o(x$fpl$fleqf)
    __aeabi_fmul                             0x080103cd   Thumb Code     0  fmul.o(x$fpl$fmul)
    _fmul                                    0x080103cd   Thumb Code   258  fmul.o(x$fpl$fmul)
    __fpl_fnaninf                            0x080104cf   Thumb Code   140  fnaninf.o(x$fpl$fnaninf)
    __fpl_fretinf                            0x0801055b   Thumb Code    10  fretinf.o(x$fpl$fretinf)
    __aeabi_cfrcmple                         0x08010565   Thumb Code     0  frleqf.o(x$fpl$frleqf)
    _frcmple                                 0x08010565   Thumb Code    98  frleqf.o(x$fpl$frleqf)
    __aeabi_frsub                            0x080105c7   Thumb Code     0  faddsub_clz.o(x$fpl$frsb)
    _frsb                                    0x080105c7   Thumb Code    20  faddsub_clz.o(x$fpl$frsb)
    __aeabi_fsub                             0x080105dd   Thumb Code     0  faddsub_clz.o(x$fpl$fsub)
    _fsub                                    0x080105dd   Thumb Code   234  faddsub_clz.o(x$fpl$fsub)
    _printf_fp_dec                           0x080106c7   Thumb Code     4  printf1.o(x$fpl$printf1)
    __I$use$fp                               0x080106ca   Number         0  usenofp.o(x$fpl$usenofp)
    asc2_1206                                0x080106ca   Data        1140  lcd.o(.constdata)
    asc2_1608                                0x08010b3e   Data        1520  lcd.o(.constdata)
    asc2_2412                                0x0801112e   Data        3420  lcd.o(.constdata)
    BAUD_id                                  0x08011e8c   Data          36  gps.o(.constdata)
    Region$$Table$$Base                      0x08012154   Number         0  anon$$obj.o(Region$$Table)
    Region$$Table$$Limit                     0x08012174   Number         0  anon$$obj.o(Region$$Table)
    __ctype                                  0x0801219d   Data           0  lc_ctype_c.o(locale$$data)
    longtitude                               0x20000000   Data           8  main.o(.data)
    latitude                                 0x20000008   Data           8  main.o(.data)
    humidity                                 0x20000010   Data           8  main.o(.data)
    temperature                              0x20000018   Data           8  main.o(.data)
    oiltemper                                0x20000020   Data           8  main.o(.data)
    speed                                    0x20000028   Data           8  main.o(.data)
    ic2                                      0x20000030   Data           8  main.o(.data)
    ic                                       0x20000038   Data           4  main.o(.data)
    pressure                                 0x2000003c   Data           4  main.o(.data)
    gas                                      0x20000040   Data           4  main.o(.data)
    altitude                                 0x20000044   Data           4  main.o(.data)
    iaq                                      0x20000048   Data           1  main.o(.data)
    altitude1                                0x20000049   Data           1  main.o(.data)
    oiltemper1                               0x2000004a   Data           2  main.o(.data)
    temperature1                             0x2000004c   Data           2  main.o(.data)
    humidity1                                0x2000004e   Data           2  main.o(.data)
    speed1                                   0x20000050   Data           2  main.o(.data)
    adcx1                                    0x20000052   Data           2  main.o(.data)
    ic1                                      0x20000054   Data           2  main.o(.data)
    gas1                                     0x20000058   Data           4  main.o(.data)
    latitude1                                0x2000005c   Data           4  main.o(.data)
    longtitude1                              0x20000060   Data           4  main.o(.data)
    pressure1                                0x20000064   Data           4  main.o(.data)
    temperatureTs                            0x20000068   Data           4  main.o(.data)
    fixmode_tbl                              0x2000006c   Data          16  main.o(.data)
    SystemCoreClock                          0x2000007c   Data           4  system_stm32f10x.o(.data)
    AHBPrescTable                            0x20000080   Data          16  system_stm32f10x.o(.data)
    POINT_COLOR                              0x20000092   Data           2  lcd.o(.data)
    BACK_COLOR                               0x20000094   Data           2  lcd.o(.data)
    wifi_mode                                0x20000097   Data           1  wifi.o(.data)
    MQTT_RxDataInPtr                         0x20000098   Data           4  mqtt.o(.data)
    MQTT_RxDataOutPtr                        0x2000009c   Data           4  mqtt.o(.data)
    MQTT_RxDataEndPtr                        0x200000a0   Data           4  mqtt.o(.data)
    MQTT_TxDataInPtr                         0x200000a4   Data           4  mqtt.o(.data)
    MQTT_TxDataOutPtr                        0x200000a8   Data           4  mqtt.o(.data)
    MQTT_TxDataEndPtr                        0x200000ac   Data           4  mqtt.o(.data)
    MQTT_CMDInPtr                            0x200000b0   Data           4  mqtt.o(.data)
    MQTT_CMDOutPtr                           0x200000b4   Data           4  mqtt.o(.data)
    MQTT_CMDEndPtr                           0x200000b8   Data           4  mqtt.o(.data)
    ClientID_len                             0x200000bc   Data           4  mqtt.o(.data)
    Username_len                             0x200000c0   Data           4  mqtt.o(.data)
    Passward_len                             0x200000c4   Data           4  mqtt.o(.data)
    ServerPort                               0x200000c8   Data           4  mqtt.o(.data)
    Fixed_len                                0x200000cc   Data           4  mqtt.o(.data)
    Variable_len                             0x200000d0   Data           4  mqtt.o(.data)
    Payload_len                              0x200000d4   Data           4  mqtt.o(.data)
    Ping_flag                                0x200000d8   Data           1  mqtt.o(.data)
    Connect_flag                             0x200000d9   Data           1  mqtt.o(.data)
    ConnectPack_flag                         0x200000da   Data           1  mqtt.o(.data)
    SubcribePack_flag                        0x200000db   Data           1  mqtt.o(.data)
    base64char                               0x200000dc   Data           4  utils_hmac.o(.data)
    Uart4_RxCompleted                        0x200000e0   Data           1  uart4.o(.data)
    Uart4_RxCounter                          0x200000e4   Data           4  uart4.o(.data)
    __stdout                                 0x200000ec   Data           4  usart.o(.data)
    USART_RX_STA                             0x200000f0   Data           2  usart.o(.data)
    stata                                    0x200000f2   Data           1  usart.o(.data)
    USART3_RX_STA                            0x200000f4   Data           2  usart.o(.data)
    USART1_TX_BUF                            0x2000010c   Data         600  main.o(.bss)
    gpsx                                     0x20000364   Data         166  main.o(.bss)
    dtbuf                                    0x2000040c   Data          50  main.o(.bss)
    lcddev                                   0x2000043e   Data          14  lcd.o(.bss)
    MQTT_RxDataBuf                           0x20000459   Data        4096  mqtt.o(.bss)
    MQTT_TxDataBuf                           0x20001459   Data        4096  mqtt.o(.bss)
    MQTT_CMDBuf                              0x20002459   Data        4096  mqtt.o(.bss)
    ClientID                                 0x20003459   Data         128  mqtt.o(.bss)
    Username                                 0x200034d9   Data         128  mqtt.o(.bss)
    Passward                                 0x20003559   Data         128  mqtt.o(.bss)
    ServerIP                                 0x200035d9   Data         128  mqtt.o(.bss)
    temp_buff                                0x20003659   Data         512  mqtt.o(.bss)
    Uart4_RxBuff                             0x20003860   Data        1024  uart4.o(.bss)
    UART4_TxBuff                             0x20003c60   Data        1024  uart4.o(.bss)
    USART_RX_BUF                             0x20004060   Data         200  usart.o(.bss)
    RX_BUF                                   0x20004128   Data          50  usart.o(.bss)
    USART3_RX_BUF                            0x2000415a   Data         600  usart.o(.bss)
    USART3_TX_BUF                            0x200043b2   Data         600  usart.o(.bss)
    __libspace_start                         0x2000460c   Data          96  libspace.o(.bss)
    __temporary_stack_top$libspace           0x2000466c   Data           0  libspace.o(.bss)



==============================================================================

Memory Map of the image

  Image Entry point : 0x08000131

  Load Region LR_IROM1 (Base: 0x08000000, Size: 0x000123ac, Max: 0x00080000, ABSOLUTE)

    Execution Region ER_IROM1 (Base: 0x08000000, Size: 0x000122a0, Max: 0x00080000, ABSOLUTE)

    Base Addr    Size         Type   Attr      Idx    E Section Name        Object

    0x08000000   0x00000130   Data   RO          695    RESET               startup_stm32f10x_hd.o
    0x08000130   0x00000008   Code   RO          871  * !!!main             c_w.l(__main.o)
    0x08000138   0x00000034   Code   RO         1219    !!!scatter          c_w.l(__scatter.o)
    0x0800016c   0x0000001a   Code   RO         1221    !!handler_copy      c_w.l(__scatter_copy.o)
    0x08000186   0x00000002   PAD
    0x08000188   0x0000001c   Code   RO         1223    !!handler_zi        c_w.l(__scatter_zi.o)
    0x080001a4   0x00000000   Code   RO          854    .ARM.Collect$$_printf_percent$$00000000  c_w.l(_printf_percent.o)
    0x080001a4   0x00000006   Code   RO          969    .ARM.Collect$$_printf_percent$$00000001  c_w.l(_printf_n.o)
    0x080001aa   0x00000006   Code   RO          970    .ARM.Collect$$_printf_percent$$00000002  c_w.l(_printf_p.o)
    0x080001b0   0x00000006   Code   RO          853    .ARM.Collect$$_printf_percent$$00000003  c_w.l(_printf_f.o)
    0x080001b6   0x00000006   Code   RO          974    .ARM.Collect$$_printf_percent$$00000004  c_w.l(_printf_e.o)
    0x080001bc   0x00000006   Code   RO          975    .ARM.Collect$$_printf_percent$$00000005  c_w.l(_printf_g.o)
    0x080001c2   0x00000006   Code   RO          976    .ARM.Collect$$_printf_percent$$00000006  c_w.l(_printf_a.o)
    0x080001c8   0x0000000a   Code   RO          981    .ARM.Collect$$_printf_percent$$00000007  c_w.l(_printf_ll.o)
    0x080001d2   0x00000006   Code   RO          972    .ARM.Collect$$_printf_percent$$00000008  c_w.l(_printf_i.o)
    0x080001d8   0x00000006   Code   RO          852    .ARM.Collect$$_printf_percent$$00000009  c_w.l(_printf_d.o)
    0x080001de   0x00000006   Code   RO          973    .ARM.Collect$$_printf_percent$$0000000A  c_w.l(_printf_u.o)
    0x080001e4   0x00000006   Code   RO          971    .ARM.Collect$$_printf_percent$$0000000B  c_w.l(_printf_o.o)
    0x080001ea   0x00000006   Code   RO          851    .ARM.Collect$$_printf_percent$$0000000C  c_w.l(_printf_x.o)
    0x080001f0   0x00000006   Code   RO          978    .ARM.Collect$$_printf_percent$$0000000D  c_w.l(_printf_lli.o)
    0x080001f6   0x00000006   Code   RO          979    .ARM.Collect$$_printf_percent$$0000000E  c_w.l(_printf_lld.o)
    0x080001fc   0x00000006   Code   RO          980    .ARM.Collect$$_printf_percent$$0000000F  c_w.l(_printf_llu.o)
    0x08000202   0x00000006   Code   RO          985    .ARM.Collect$$_printf_percent$$00000010  c_w.l(_printf_llo.o)
    0x08000208   0x00000006   Code   RO          986    .ARM.Collect$$_printf_percent$$00000011  c_w.l(_printf_llx.o)
    0x0800020e   0x0000000a   Code   RO          982    .ARM.Collect$$_printf_percent$$00000012  c_w.l(_printf_l.o)
    0x08000218   0x00000006   Code   RO          849    .ARM.Collect$$_printf_percent$$00000013  c_w.l(_printf_c.o)
    0x0800021e   0x00000006   Code   RO          850    .ARM.Collect$$_printf_percent$$00000014  c_w.l(_printf_s.o)
    0x08000224   0x00000006   Code   RO          983    .ARM.Collect$$_printf_percent$$00000015  c_w.l(_printf_lc.o)
    0x0800022a   0x00000006   Code   RO          984    .ARM.Collect$$_printf_percent$$00000016  c_w.l(_printf_ls.o)
    0x08000230   0x00000004   Code   RO          977    .ARM.Collect$$_printf_percent$$00000017  c_w.l(_printf_percent_end.o)
    0x08000234   0x00000002   Code   RO         1093    .ARM.Collect$$libinit$$00000000  c_w.l(libinit.o)
    0x08000236   0x00000000   Code   RO         1095    .ARM.Collect$$libinit$$00000002  c_w.l(libinit2.o)
    0x08000236   0x00000000   Code   RO         1097    .ARM.Collect$$libinit$$00000004  c_w.l(libinit2.o)
    0x08000236   0x00000000   Code   RO         1100    .ARM.Collect$$libinit$$0000000A  c_w.l(libinit2.o)
    0x08000236   0x00000000   Code   RO         1102    .ARM.Collect$$libinit$$0000000C  c_w.l(libinit2.o)
    0x08000236   0x00000000   Code   RO         1104    .ARM.Collect$$libinit$$0000000E  c_w.l(libinit2.o)
    0x08000236   0x00000006   Code   RO         1105    .ARM.Collect$$libinit$$0000000F  c_w.l(libinit2.o)
    0x0800023c   0x00000000   Code   RO         1107    .ARM.Collect$$libinit$$00000011  c_w.l(libinit2.o)
    0x0800023c   0x0000000c   Code   RO         1108    .ARM.Collect$$libinit$$00000012  c_w.l(libinit2.o)
    0x08000248   0x00000000   Code   RO         1109    .ARM.Collect$$libinit$$00000013  c_w.l(libinit2.o)
    0x08000248   0x00000000   Code   RO         1111    .ARM.Collect$$libinit$$00000015  c_w.l(libinit2.o)
    0x08000248   0x0000000a   Code   RO         1112    .ARM.Collect$$libinit$$00000016  c_w.l(libinit2.o)
    0x08000252   0x00000000   Code   RO         1113    .ARM.Collect$$libinit$$00000017  c_w.l(libinit2.o)
    0x08000252   0x00000000   Code   RO         1115    .ARM.Collect$$libinit$$00000019  c_w.l(libinit2.o)
    0x08000252   0x00000000   Code   RO         1117    .ARM.Collect$$libinit$$0000001B  c_w.l(libinit2.o)
    0x08000252   0x00000000   Code   RO         1119    .ARM.Collect$$libinit$$0000001D  c_w.l(libinit2.o)
    0x08000252   0x00000000   Code   RO         1121    .ARM.Collect$$libinit$$0000001F  c_w.l(libinit2.o)
    0x08000252   0x00000000   Code   RO         1123    .ARM.Collect$$libinit$$00000021  c_w.l(libinit2.o)
    0x08000252   0x00000000   Code   RO         1125    .ARM.Collect$$libinit$$00000023  c_w.l(libinit2.o)
    0x08000252   0x00000000   Code   RO         1127    .ARM.Collect$$libinit$$00000025  c_w.l(libinit2.o)
    0x08000252   0x00000000   Code   RO         1131    .ARM.Collect$$libinit$$0000002C  c_w.l(libinit2.o)
    0x08000252   0x00000000   Code   RO         1133    .ARM.Collect$$libinit$$0000002E  c_w.l(libinit2.o)
    0x08000252   0x00000000   Code   RO         1135    .ARM.Collect$$libinit$$00000030  c_w.l(libinit2.o)
    0x08000252   0x00000000   Code   RO         1137    .ARM.Collect$$libinit$$00000032  c_w.l(libinit2.o)
    0x08000252   0x00000002   Code   RO         1138    .ARM.Collect$$libinit$$00000033  c_w.l(libinit2.o)
    0x08000254   0x00000002   Code   RO         1169    .ARM.Collect$$libshutdown$$00000000  c_w.l(libshutdown.o)
    0x08000256   0x00000000   Code   RO         1178    .ARM.Collect$$libshutdown$$00000002  c_w.l(libshutdown2.o)
    0x08000256   0x00000000   Code   RO         1180    .ARM.Collect$$libshutdown$$00000004  c_w.l(libshutdown2.o)
    0x08000256   0x00000000   Code   RO         1183    .ARM.Collect$$libshutdown$$00000007  c_w.l(libshutdown2.o)
    0x08000256   0x00000000   Code   RO         1186    .ARM.Collect$$libshutdown$$0000000A  c_w.l(libshutdown2.o)
    0x08000256   0x00000000   Code   RO         1188    .ARM.Collect$$libshutdown$$0000000C  c_w.l(libshutdown2.o)
    0x08000256   0x00000000   Code   RO         1191    .ARM.Collect$$libshutdown$$0000000F  c_w.l(libshutdown2.o)
    0x08000256   0x00000002   Code   RO         1192    .ARM.Collect$$libshutdown$$00000010  c_w.l(libshutdown2.o)
    0x08000258   0x00000000   Code   RO          939    .ARM.Collect$$rtentry$$00000000  c_w.l(__rtentry.o)
    0x08000258   0x00000000   Code   RO         1003    .ARM.Collect$$rtentry$$00000002  c_w.l(__rtentry2.o)
    0x08000258   0x00000006   Code   RO         1015    .ARM.Collect$$rtentry$$00000004  c_w.l(__rtentry4.o)
    0x0800025e   0x00000000   Code   RO         1005    .ARM.Collect$$rtentry$$00000009  c_w.l(__rtentry2.o)
    0x0800025e   0x00000004   Code   RO         1006    .ARM.Collect$$rtentry$$0000000A  c_w.l(__rtentry2.o)
    0x08000262   0x00000000   Code   RO         1008    .ARM.Collect$$rtentry$$0000000C  c_w.l(__rtentry2.o)
    0x08000262   0x00000008   Code   RO         1009    .ARM.Collect$$rtentry$$0000000D  c_w.l(__rtentry2.o)
    0x0800026a   0x00000002   Code   RO         1139    .ARM.Collect$$rtexit$$00000000  c_w.l(rtexit.o)
    0x0800026c   0x00000000   Code   RO         1149    .ARM.Collect$$rtexit$$00000002  c_w.l(rtexit2.o)
    0x0800026c   0x00000004   Code   RO         1150    .ARM.Collect$$rtexit$$00000003  c_w.l(rtexit2.o)
    0x08000270   0x00000006   Code   RO         1151    .ARM.Collect$$rtexit$$00000004  c_w.l(rtexit2.o)
    0x08000276   0x00000002   PAD
    0x08000278   0x00001108   Code   RO            1    .text               main.o
    0x08001380   0x00000194   Code   RO          185    .text               stm32f10x_it.o
    0x08001514   0x000001e0   Code   RO          237    .text               system_stm32f10x.o
    0x080016f4   0x0000004c   Code   RO          255    .text               led.o
    0x08001740   0x00000184   Code   RO          267    .text               key.o
    0x080018c4   0x00004a5c   Code   RO          280    .text               lcd.o
    0x08006320   0x000003f4   Code   RO          333    .text               max31865.o
    0x08006714   0x00000098   Code   RO          345    .text               nvic.o
    0x080067ac   0x00000914   Code   RO          368    .text               gps.o
    0x080070c0   0x0000008c   Code   RO          383    .text               timer.o
    0x0800714c   0x00000104   Code   RO          399    .text               adc.o
    0x08007250   0x00000258   Code   RO          411    .text               iic.o
    0x080074a8   0x00000890   Code   RO          423    .text               wifi.o
    0x08007d38   0x000008d4   Code   RO          441    .text               mqtt.o
    0x0800860c   0x000002dc   Code   RO          471    .text               utils_hmac.o
    0x080088e8   0x00000b14   Code   RO          500    .text               utils_md5.o
    0x080093fc   0x00001b2c   Code   RO          514    .text               utils_sha1.o
    0x0800af28   0x00000076   Code   RO          552    .text               timer2.o
    0x0800af9e   0x00000002   PAD
    0x0800afa0   0x000000ec   Code   RO          564    .text               timer3.o
    0x0800b08c   0x00000070   Code   RO          576    .text               timer4.o
    0x0800b0fc   0x00000144   Code   RO          591    .text               uart4.o
    0x0800b240   0x000000d4   Code   RO          629    .text               delay.o
    0x0800b314   0x000004d8   Code   RO          660    .text               usart.o
    0x0800b7ec   0x00000040   Code   RO          696    .text               startup_stm32f10x_hd.o
    0x0800b82c   0x000000dc   Code   RO          700    .text               misc.o
    0x0800b908   0x0000044e   Code   RO          712    .text               stm32f10x_adc.o
    0x0800bd56   0x00000002   PAD
    0x0800bd58   0x0000060c   Code   RO          724    .text               stm32f10x_fsmc.o
    0x0800c364   0x0000035c   Code   RO          736    .text               stm32f10x_gpio.o
    0x0800c6c0   0x00000408   Code   RO          748    .text               stm32f10x_usart.o
    0x0800cac8   0x000003a4   Code   RO          760    .text               stm32f10x_rcc.o
    0x0800ce6c   0x00000e1a   Code   RO          774    .text               stm32f10x_tim.o
    0x0800dc86   0x00000002   Code   RO          788    .text               c_w.l(use_no_semi_2.o)
    0x0800dc88   0x00000024   Code   RO          790    .text               c_w.l(c89vsprintf.o)
    0x0800dcac   0x00000018   Code   RO          792    .text               c_w.l(__2printf.o)
    0x0800dcc4   0x0000002c   Code   RO          794    .text               c_w.l(__2sprintf.o)
    0x0800dcf0   0x0000004e   Code   RO          802    .text               c_w.l(_printf_pad.o)
    0x0800dd3e   0x00000052   Code   RO          804    .text               c_w.l(_printf_str.o)
    0x0800dd90   0x00000078   Code   RO          806    .text               c_w.l(_printf_dec.o)
    0x0800de08   0x00000094   Code   RO          826    .text               c_w.l(_printf_hex_int_ll_ptr.o)
    0x0800de9c   0x00000188   Code   RO          846    .text               c_w.l(__printf_flags_ss_wp.o)
    0x0800e024   0x00000024   Code   RO          855    .text               c_w.l(strstr.o)
    0x0800e048   0x0000003e   Code   RO          857    .text               c_w.l(strlen.o)
    0x0800e086   0x0000008a   Code   RO          859    .text               c_w.l(rt_memcpy_v6.o)
    0x0800e110   0x00000064   Code   RO          861    .text               c_w.l(rt_memcpy_w.o)
    0x0800e174   0x00000010   Code   RO          863    .text               c_w.l(aeabi_memset.o)
    0x0800e184   0x00000044   Code   RO          865    .text               c_w.l(rt_memclr.o)
    0x0800e1c8   0x0000004e   Code   RO          867    .text               c_w.l(rt_memclr_w.o)
    0x0800e216   0x00000006   Code   RO          869    .text               c_w.l(heapauxi.o)
    0x0800e21c   0x00000002   Code   RO          937    .text               c_w.l(use_no_semi.o)
    0x0800e21e   0x00000016   Code   RO          940    .text               c_w.l(_rserrno.o)
    0x0800e234   0x00000024   Code   RO          942    .text               c_w.l(_printf_truncate.o)
    0x0800e258   0x000000b2   Code   RO          944    .text               c_w.l(_printf_intcommon.o)
    0x0800e30a   0x00000028   Code   RO          946    .text               c_w.l(_printf_charcount.o)
    0x0800e332   0x0000041a   Code   RO          948    .text               c_w.l(_printf_fp_dec.o)
    0x0800e74c   0x00000030   Code   RO          950    .text               c_w.l(_printf_char_common.o)
    0x0800e77c   0x0000000a   Code   RO          952    .text               c_w.l(_sputc.o)
    0x0800e786   0x0000002c   Code   RO          954    .text               c_w.l(_printf_char.o)
    0x0800e7b2   0x00000002   PAD
    0x0800e7b4   0x00000024   Code   RO          956    .text               c_w.l(_printf_char_file.o)
    0x0800e7d8   0x000000bc   Code   RO          958    .text               c_w.l(_printf_wctomb.o)
    0x0800e894   0x0000007c   Code   RO          961    .text               c_w.l(_printf_longlong_dec.o)
    0x0800e910   0x00000070   Code   RO          967    .text               c_w.l(_printf_oct_int_ll.o)
    0x0800e980   0x00000008   Code   RO         1020    .text               c_w.l(rt_locale_intlibspace.o)
    0x0800e988   0x00000008   Code   RO         1025    .text               c_w.l(rt_errno_addr_intlibspace.o)
    0x0800e990   0x0000008a   Code   RO         1027    .text               c_w.l(lludiv10.o)
    0x0800ea1a   0x00000002   PAD
    0x0800ea1c   0x00000080   Code   RO         1029    .text               c_w.l(_printf_fp_infnan.o)
    0x0800ea9c   0x0000002c   Code   RO         1033    .text               c_w.l(_printf_wchar.o)
    0x0800eac8   0x000000dc   Code   RO         1035    .text               c_w.l(bigflt0.o)
    0x0800eba4   0x00000008   Code   RO         1060    .text               c_w.l(ferror.o)
    0x0800ebac   0x00000040   Code   RO         1064    .text               c_w.l(_wcrtomb.o)
    0x0800ebec   0x00000008   Code   RO         1077    .text               c_w.l(libspace.o)
    0x0800ebf4   0x0000004a   Code   RO         1080    .text               c_w.l(sys_stackheap_outer.o)
    0x0800ec3e   0x00000002   PAD
    0x0800ec40   0x00000010   Code   RO         1082    .text               c_w.l(rt_ctype_table.o)
    0x0800ec50   0x00000012   Code   RO         1084    .text               c_w.l(exit.o)
    0x0800ec62   0x00000002   PAD
    0x0800ec64   0x00000080   Code   RO         1086    .text               c_w.l(strcmpv7m.o)
    0x0800ece4   0x0000003e   Code   RO         1038    CL$$btod_d2e        c_w.l(btod.o)
    0x0800ed22   0x00000046   Code   RO         1040    CL$$btod_d2e_denorm_low  c_w.l(btod.o)
    0x0800ed68   0x00000060   Code   RO         1039    CL$$btod_d2e_norm_op1  c_w.l(btod.o)
    0x0800edc8   0x00000338   Code   RO         1048    CL$$btod_div_common  c_w.l(btod.o)
    0x0800f100   0x000000c6   Code   RO         1045    CL$$btod_e2e        c_w.l(btod.o)
    0x0800f1c6   0x00000028   Code   RO         1042    CL$$btod_ediv       c_w.l(btod.o)
    0x0800f1ee   0x00000028   Code   RO         1041    CL$$btod_emul       c_w.l(btod.o)
    0x0800f216   0x00000244   Code   RO         1047    CL$$btod_mult_common  c_w.l(btod.o)
    0x0800f45a   0x00000028   Code   RO         1075    i.__ARM_fpclassify  m_ws.l(fpclassify.o)
    0x0800f482   0x0000000e   Code   RO          839    i._is_digit         c_w.l(__printf_wp.o)
    0x0800f490   0x0000004c   Code   RO          930    i.sqrt              m_ws.l(sqrt.o)
    0x0800f4dc   0x0000002c   Code   RO         1067    locale$$code        c_w.l(lc_numeric_c.o)
    0x0800f508   0x0000002c   Code   RO         1142    locale$$code        c_w.l(lc_ctype_c.o)
    0x0800f534   0x00000062   Code   RO          873    x$fpl$d2f           fz_ws.l(d2f.o)
    0x0800f596   0x00000002   PAD
    0x0800f598   0x00000150   Code   RO          875    x$fpl$dadd          fz_ws.l(daddsub_clz.o)
    0x0800f6e8   0x000002b0   Code   RO          882    x$fpl$ddiv          fz_ws.l(ddiv.o)
    0x0800f998   0x0000005e   Code   RO          885    x$fpl$dfix          fz_ws.l(dfix.o)
    0x0800f9f6   0x00000002   PAD
    0x0800f9f8   0x0000005a   Code   RO          889    x$fpl$dfixu         fz_ws.l(dfixu.o)
    0x0800fa52   0x00000026   Code   RO          893    x$fpl$dfltu         fz_ws.l(dflt_clz.o)
    0x0800fa78   0x00000154   Code   RO          899    x$fpl$dmul          fz_ws.l(dmul.o)
    0x0800fbcc   0x0000009c   Code   RO          989    x$fpl$dnaninf       fz_ws.l(dnaninf.o)
    0x0800fc68   0x0000000c   Code   RO          991    x$fpl$dretinf       fz_ws.l(dretinf.o)
    0x0800fc74   0x000001cc   Code   RO          993    x$fpl$dsqrt         fz_ws.l(dsqrt_noumaal.o)
    0x0800fe40   0x000001d4   Code   RO          877    x$fpl$dsub          fz_ws.l(daddsub_clz.o)
    0x08010014   0x00000056   Code   RO          901    x$fpl$f2d           fz_ws.l(f2d.o)
    0x0801006a   0x00000002   PAD
    0x0801006c   0x000000c4   Code   RO          903    x$fpl$fadd          fz_ws.l(faddsub_clz.o)
    0x08010130   0x00000018   Code   RO         1071    x$fpl$fcmpinf       fz_ws.l(fcmpi.o)
    0x08010148   0x00000184   Code   RO          910    x$fpl$fdiv          fz_ws.l(fdiv.o)
    0x080102cc   0x0000003e   Code   RO          913    x$fpl$ffixu         fz_ws.l(ffixu.o)
    0x0801030a   0x00000002   PAD
    0x0801030c   0x00000030   Code   RO          918    x$fpl$fflt          fz_ws.l(fflt_clz.o)
    0x0801033c   0x00000026   Code   RO          917    x$fpl$ffltu         fz_ws.l(fflt_clz.o)
    0x08010362   0x00000002   PAD
    0x08010364   0x00000068   Code   RO          995    x$fpl$fleqf         fz_ws.l(fleqf.o)
    0x080103cc   0x00000102   Code   RO          923    x$fpl$fmul          fz_ws.l(fmul.o)
    0x080104ce   0x0000008c   Code   RO          997    x$fpl$fnaninf       fz_ws.l(fnaninf.o)
    0x0801055a   0x0000000a   Code   RO          999    x$fpl$fretinf       fz_ws.l(fretinf.o)
    0x08010564   0x00000062   Code   RO          925    x$fpl$frleqf        fz_ws.l(frleqf.o)
    0x080105c6   0x00000014   Code   RO          904    x$fpl$frsb          fz_ws.l(faddsub_clz.o)
    0x080105da   0x00000002   PAD
    0x080105dc   0x000000ea   Code   RO          905    x$fpl$fsub          fz_ws.l(faddsub_clz.o)
    0x080106c6   0x00000004   Code   RO          927    x$fpl$printf1       fz_ws.l(printf1.o)
    0x080106ca   0x00000000   Code   RO         1001    x$fpl$usenofp       fz_ws.l(usenofp.o)
    0x080106ca   0x000017c0   Data   RO          282    .constdata          lcd.o
    0x08011e8a   0x00000002   PAD
    0x08011e8c   0x00000024   Data   RO          369    .constdata          gps.o
    0x08011eb0   0x00000040   Data   RO          501    .constdata          utils_md5.o
    0x08011ef0   0x00000040   Data   RO          515    .constdata          utils_sha1.o
    0x08011f30   0x00000028   Data   RO          827    .constdata          c_w.l(_printf_hex_int_ll_ptr.o)
    0x08011f58   0x00000011   Data   RO          847    .constdata          c_w.l(__printf_flags_ss_wp.o)
    0x08011f69   0x00000003   PAD
    0x08011f6c   0x00000008   Data   RO          959    .constdata          c_w.l(_printf_wctomb.o)
    0x08011f74   0x00000094   Data   RO         1036    .constdata          c_w.l(bigflt0.o)
    0x08012008   0x00000107   Data   RO            3    .conststring        main.o
    0x0801210f   0x00000001   PAD
    0x08012110   0x00000041   Data   RO          472    .conststring        utils_hmac.o
    0x08012151   0x00000003   PAD
    0x08012154   0x00000020   Data   RO         1217    Region$$Table       anon$$obj.o
    0x08012174   0x0000001c   Data   RO         1066    locale$$data        c_w.l(lc_numeric_c.o)
    0x08012190   0x00000110   Data   RO         1141    locale$$data        c_w.l(lc_ctype_c.o)


    Execution Region RW_IRAM1 (Base: 0x20000000, Size: 0x00004c70, Max: 0x00010000, ABSOLUTE)

    Base Addr    Size         Type   Attr      Idx    E Section Name        Object

    0x20000000   0x0000007c   Data   RW            4    .data               main.o
    0x2000007c   0x00000014   Data   RW          238    .data               system_stm32f10x.o
    0x20000090   0x00000001   Data   RW          268    .data               key.o
    0x20000091   0x00000001   PAD
    0x20000092   0x00000004   Data   RW          283    .data               lcd.o
    0x20000096   0x00000001   Data   RW          347    .data               nvic.o
    0x20000097   0x00000001   Data   RW          424    .data               wifi.o
    0x20000098   0x00000044   Data   RW          443    .data               mqtt.o
    0x200000dc   0x00000004   Data   RW          473    .data               utils_hmac.o
    0x200000e0   0x00000008   Data   RW          593    .data               uart4.o
    0x200000e8   0x00000004   Data   RW          630    .data               delay.o
    0x200000ec   0x0000000a   Data   RW          662    .data               usart.o
    0x200000f6   0x00000014   Data   RW          761    .data               stm32f10x_rcc.o
    0x2000010a   0x00000002   PAD
    0x2000010c   0x00000332   Zero   RW            2    .bss                main.o
    0x2000043e   0x0000000e   Zero   RW          281    .bss                lcd.o
    0x2000044c   0x0000000d   Zero   RW          346    .bss                nvic.o
    0x20000459   0x00003400   Zero   RW          442    .bss                mqtt.o
    0x20003859   0x00000007   PAD
    0x20003860   0x00000800   Zero   RW          592    .bss                uart4.o
    0x20004060   0x000005aa   Zero   RW          661    .bss                usart.o
    0x2000460a   0x00000002   PAD
    0x2000460c   0x00000060   Zero   RW         1078    .bss                c_w.l(libspace.o)
    0x2000466c   0x00000004   PAD
    0x20004670   0x00000200   Zero   RW          694    HEAP                startup_stm32f10x_hd.o
    0x20004870   0x00000400   Zero   RW          693    STACK               startup_stm32f10x_hd.o


==============================================================================

Image component sizes


      Code (inc. data)   RO Data    RW Data    ZI Data      Debug   Object Name

       260         10          0          0          0       1075   adc.o
       212         18          0          4          0        963   delay.o
      2324         74         36          0          0       6405   gps.o
       600          6          0          0          0       1607   iic.o
       388         14          0          1          0       1058   key.o
     19036        162       6080          4         14      22062   lcd.o
        76          8          0          0          0        459   led.o
      4360       1264        263        124        818     276145   main.o
      1012         68          0          0          0       1999   max31865.o
       220         22          0          0          0       1721   misc.o
      2260        514          0         68      13312       5292   mqtt.o
       152         22          0          1         13        528   nvic.o
        64         26        304          0       1536        760   startup_stm32f10x_hd.o
      1102         26          0          0          0      10961   stm32f10x_adc.o
      1548         18          0          0          0       5299   stm32f10x_fsmc.o
       860         38          0          0          0       5653   stm32f10x_gpio.o
       404         46          0          0          0       1851   stm32f10x_it.o
       932         36          0         20          0       8792   stm32f10x_rcc.o
      3610         88          0          0          0      22760   stm32f10x_tim.o
      1032         22          0          0          0       8380   stm32f10x_usart.o
         0          0          0          0          0         32   sys.o
       480         38          0         20          0       1623   system_stm32f10x.o
       140          8          0          0          0        756   timer.o
       118          0          0          0          0        542   timer2.o
       236          6          0          0          0        789   timer3.o
       112          6          0          0          0        640   timer4.o
       324         12          0          8       2048       2451   uart4.o
      1240         60          0         10       1450       6437   usart.o
       732          6         65          4          0       4536   utils_hmac.o
      2836        266         64          0          0       4904   utils_md5.o
      6956         42         64          0          0       5287   utils_sha1.o
      2192       1142          0          1          0       2952   wifi.o

    ----------------------------------------------------------------------
     55822       4068       6914        268      19200     414719   Object Totals
         0          0         32          0          0          0   (incl. Generated)
         4          0          6          3          9          0   (incl. Padding)

    ----------------------------------------------------------------------

      Code (inc. data)   RO Data    RW Data    ZI Data      Debug   Library Member Name

        24          4          0          0          0         84   __2printf.o
        44          6          0          0          0         84   __2sprintf.o
         8          0          0          0          0         68   __main.o
       392          4         17          0          0         92   __printf_flags_ss_wp.o
        14          0          0          0          0         68   __printf_wp.o
         0          0          0          0          0          0   __rtentry.o
        12          0          0          0          0          0   __rtentry2.o
         6          0          0          0          0          0   __rtentry4.o
        52          8          0          0          0          0   __scatter.o
        26          0          0          0          0          0   __scatter_copy.o
        28          0          0          0          0          0   __scatter_zi.o
         6          0          0          0          0          0   _printf_a.o
         6          0          0          0          0          0   _printf_c.o
        44          0          0          0          0        108   _printf_char.o
        48          6          0          0          0         96   _printf_char_common.o
        36          4          0          0          0         80   _printf_char_file.o
        40          0          0          0          0         68   _printf_charcount.o
         6          0          0          0          0          0   _printf_d.o
       120         16          0          0          0         92   _printf_dec.o
         6          0          0          0          0          0   _printf_e.o
         6          0          0          0          0          0   _printf_f.o
      1050          0          0          0          0        216   _printf_fp_dec.o
       128         16          0          0          0         84   _printf_fp_infnan.o
         6          0          0          0          0          0   _printf_g.o
       148          4         40          0          0        160   _printf_hex_int_ll_ptr.o
         6          0          0          0          0          0   _printf_i.o
       178          0          0          0          0         88   _printf_intcommon.o
        10          0          0          0          0          0   _printf_l.o
         6          0          0          0          0          0   _printf_lc.o
        10          0          0          0          0          0   _printf_ll.o
         6          0          0          0          0          0   _printf_lld.o
         6          0          0          0          0          0   _printf_lli.o
         6          0          0          0          0          0   _printf_llo.o
         6          0          0          0          0          0   _printf_llu.o
         6          0          0          0          0          0   _printf_llx.o
       124         16          0          0          0         92   _printf_longlong_dec.o
         6          0          0          0          0          0   _printf_ls.o
         6          0          0          0          0          0   _printf_n.o
         6          0          0          0          0          0   _printf_o.o
       112          8          0          0          0        124   _printf_oct_int_ll.o
         6          0          0          0          0          0   _printf_p.o
        78          0          0          0          0        108   _printf_pad.o
         0          0          0          0          0          0   _printf_percent.o
         4          0          0          0          0          0   _printf_percent_end.o
         6          0          0          0          0          0   _printf_s.o
        82          0          0          0          0         80   _printf_str.o
        36          0          0          0          0         84   _printf_truncate.o
         6          0          0          0          0          0   _printf_u.o
        44          0          0          0          0        108   _printf_wchar.o
       188          6          8          0          0         92   _printf_wctomb.o
         6          0          0          0          0          0   _printf_x.o
        22          0          0          0          0        100   _rserrno.o
        10          0          0          0          0         68   _sputc.o
        64          0          0          0          0         92   _wcrtomb.o
        16          0          0          0          0         68   aeabi_memset.o
       220          4        148          0          0         96   bigflt0.o
      1910        128          0          0          0        672   btod.o
        36          4          0          0          0         76   c89vsprintf.o
        18          0          0          0          0         80   exit.o
         8          0          0          0          0         68   ferror.o
         6          0          0          0          0        152   heapauxi.o
        44         10        272          0          0         76   lc_ctype_c.o
        44         10         28          0          0         76   lc_numeric_c.o
         2          0          0          0          0          0   libinit.o
        30          0          0          0          0          0   libinit2.o
         2          0          0          0          0          0   libshutdown.o
         2          0          0          0          0          0   libshutdown2.o
         8          4          0          0         96         68   libspace.o
       138          0          0          0          0         80   lludiv10.o
        16          4          0          0          0         76   rt_ctype_table.o
         8          4          0          0          0         68   rt_errno_addr_intlibspace.o
         8          4          0          0          0         68   rt_locale_intlibspace.o
        68          0          0          0          0         68   rt_memclr.o
        78          0          0          0          0         80   rt_memclr_w.o
       138          0          0          0          0         68   rt_memcpy_v6.o
       100          0          0          0          0         80   rt_memcpy_w.o
         2          0          0          0          0          0   rtexit.o
        10          0          0          0          0          0   rtexit2.o
       128          0          0          0          0         68   strcmpv7m.o
        62          0          0          0          0         76   strlen.o
        36          0          0          0          0         80   strstr.o
        74          0          0          0          0         80   sys_stackheap_outer.o
         2          0          0          0          0         68   use_no_semi.o
         2          0          0          0          0         68   use_no_semi_2.o
        98          4          0          0          0         92   d2f.o
       804         16          0          0          0        272   daddsub_clz.o
       688        140          0          0          0        208   ddiv.o
        94          4          0          0          0         92   dfix.o
        90          4          0          0          0         92   dfixu.o
        38          0          0          0          0         68   dflt_clz.o
       340         12          0          0          0        104   dmul.o
       156          4          0          0          0         92   dnaninf.o
        12          0          0          0          0         68   dretinf.o
       460         56          0          0          0        120   dsqrt_noumaal.o
        86          4          0          0          0         84   f2d.o
       450          8          0          0          0        236   faddsub_clz.o
        24          0          0          0          0         68   fcmpi.o
       388         76          0          0          0         96   fdiv.o
        62          4          0          0          0         84   ffixu.o
        86          0          0          0          0        136   fflt_clz.o
       104          4          0          0          0         84   fleqf.o
       258          4          0          0          0         84   fmul.o
       140          4          0          0          0         84   fnaninf.o
        10          0          0          0          0         68   fretinf.o
        98          0          0          0          0         68   frleqf.o
         4          0          0          0          0         68   printf1.o
         0          0          0          0          0          0   usenofp.o
        40          0          0          0          0         68   fpclassify.o
        76          0          0          0          0         84   sqrt.o

    ----------------------------------------------------------------------
     11148        614        516          0        100       7316   Library Totals
        24          0          3          0          4          0   (incl. Padding)

    ----------------------------------------------------------------------

      Code (inc. data)   RO Data    RW Data    ZI Data      Debug   Library Name

      6518        270        513          0         96       4796   c_w.l
      4490        344          0          0          0       2368   fz_ws.l
       116          0          0          0          0        152   m_ws.l

    ----------------------------------------------------------------------
     11148        614        516          0        100       7316   Library Totals

    ----------------------------------------------------------------------

==============================================================================


      Code (inc. data)   RO Data    RW Data    ZI Data      Debug   

     66970       4682       7430        268      19300     415375   Grand Totals
     66970       4682       7430        268      19300     415375   ELF Image Totals
     66970       4682       7430        268          0          0   ROM Totals

==============================================================================

    Total RO  Size (Code + RO Data)                74400 (  72.66kB)
    Total RW  Size (RW Data + ZI Data)             19568 (  19.11kB)
    Total ROM Size (Code + RO Data + RW Data)      74668 (  72.92kB)

==============================================================================

